2026-05-08T21:23:59.517266Z DEBUG [Database] Query executed in 3ms: SELECT * FROM products WHERE id=24
2026-05-08T21:24:01.517266Z INFO  [API Gateway] 200 OK GET /v1/products/247
2026-05-08T21:24:03.517266Z DEBUG [Database] Query executed in 3ms: SELECT * FROM products WHERE id=496
2026-05-08T21:24:05.517266Z DEBUG [Cache] Cache hit for key: user_profile_7809
2026-05-08T21:24:07.517266Z INFO  [HealthCheck] Service status: OK, CPU: 11%, Mem: 308MB
2026-05-08T21:24:09.517266Z INFO  [UserSession] User 1416 logged in from 192.168.1.243
2026-05-08T21:24:11.517266Z DEBUG [Database] Query executed in 8ms: SELECT * FROM products WHERE id=222
2026-05-08T21:24:13.517266Z INFO  [API Gateway] 200 OK GET /v1/products/295
2026-05-08T21:24:15.517266Z INFO  [UserSession] User 9521 logged in from 192.168.1.166
2026-05-08T21:24:17.517266Z INFO  [API Gateway] 200 OK GET /v1/products/480
2026-05-08T21:24:19.517266Z DEBUG [Cache] Cache hit for key: user_profile_3415
2026-05-08T21:24:21.517266Z INFO  [UserSession] User 8665 logged in from 192.168.1.209
2026-05-08T21:24:23.517266Z INFO  [API Gateway] 200 OK GET /v1/products/450
2026-05-08T21:24:25.517266Z DEBUG [Database] Query executed in 2ms: SELECT * FROM products WHERE id=23
2026-05-08T21:24:27.517266Z INFO  [API Gateway] 200 OK GET /v1/products/95
2026-05-08T21:24:29.517266Z DEBUG [Database] Query executed in 2ms: SELECT * FROM products WHERE id=55
2026-05-08T21:24:31.517266Z DEBUG [Database] Query executed in 9ms: SELECT * FROM products WHERE id=66
2026-05-08T21:24:33.517266Z DEBUG [Cache] Cache hit for key: user_profile_7624
2026-05-08T21:24:35.517266Z INFO  [HealthCheck] Service status: OK, CPU: 10%, Mem: 335MB
2026-05-08T21:24:37.517266Z INFO  [UserSession] User 7466 logged in from 192.168.1.89
2026-05-08T21:24:39.517266Z DEBUG [Cache] Cache hit for key: user_profile_9232
2026-05-08T21:24:41.517266Z INFO  [HealthCheck] Service status: OK, CPU: 14%, Mem: 392MB
2026-05-08T21:24:43.517266Z INFO  [HealthCheck] Service status: OK, CPU: 7%, Mem: 256MB
2026-05-08T21:24:45.517266Z INFO  [HealthCheck] Service status: OK, CPU: 7%, Mem: 232MB
2026-05-08T21:24:47.517266Z INFO  [HealthCheck] Service status: OK, CPU: 13%, Mem: 251MB
2026-05-08T21:24:49.517266Z DEBUG [Cache] Cache hit for key: user_profile_8191
2026-05-08T21:24:51.517266Z INFO  [UserSession] User 7279 logged in from 192.168.1.117
2026-05-08T21:24:53.517266Z DEBUG [Database] Query executed in 5ms: SELECT * FROM products WHERE id=492
2026-05-08T21:24:55.517266Z INFO  [HealthCheck] Service status: OK, CPU: 15%, Mem: 247MB
2026-05-08T21:24:57.517266Z INFO  [API Gateway] 200 OK GET /v1/products/75
2026-05-08T21:24:59.517266Z DEBUG [Cache] Cache hit for key: user_profile_2247
2026-05-08T21:25:01.517266Z DEBUG [Database] Query executed in 3ms: SELECT * FROM products WHERE id=439
2026-05-08T21:25:03.517266Z INFO  [HealthCheck] Service status: OK, CPU: 10%, Mem: 311MB
2026-05-08T21:25:05.517266Z DEBUG [Database] Query executed in 6ms: SELECT * FROM products WHERE id=149
2026-05-08T21:25:07.517266Z INFO  [HealthCheck] Service status: OK, CPU: 8%, Mem: 295MB
2026-05-08T21:25:09.517266Z INFO  [API Gateway] 200 OK GET /v1/products/150
2026-05-08T21:25:11.517266Z INFO  [API Gateway] 200 OK GET /v1/products/319
2026-05-08T21:25:13.517266Z DEBUG [Database] Query executed in 8ms: SELECT * FROM products WHERE id=245
2026-05-08T21:25:15.517266Z DEBUG [Cache] Cache hit for key: user_profile_6972
2026-05-08T21:25:17.517266Z DEBUG [Database] Query executed in 10ms: SELECT * FROM products WHERE id=372
2026-05-08T21:25:19.517266Z INFO  [UserSession] User 8925 logged in from 192.168.1.237
2026-05-08T21:25:21.517266Z INFO  [API Gateway] 200 OK GET /v1/products/487
2026-05-08T21:25:23.517266Z INFO  [HealthCheck] Service status: OK, CPU: 5%, Mem: 309MB
2026-05-08T21:25:25.517266Z INFO  [HealthCheck] Service status: OK, CPU: 13%, Mem: 365MB
2026-05-08T21:25:27.517266Z INFO  [API Gateway] 200 OK GET /v1/products/240
2026-05-08T21:25:29.517266Z INFO  [UserSession] User 2963 logged in from 192.168.1.31
2026-05-08T21:25:31.517266Z INFO  [HealthCheck] Service status: OK, CPU: 6%, Mem: 220MB
2026-05-08T21:25:33.517266Z DEBUG [Database] Query executed in 10ms: SELECT * FROM products WHERE id=128
2026-05-08T21:25:35.517266Z DEBUG [Cache] Cache hit for key: user_profile_9643
2026-05-08T21:25:37.517266Z INFO  [UserSession] User 2872 logged in from 192.168.1.102
2026-05-08T21:25:39.517266Z DEBUG [Database] Query executed in 2ms: SELECT * FROM products WHERE id=69
2026-05-08T21:25:41.517266Z DEBUG [Cache] Cache hit for key: user_profile_3311
2026-05-08T21:25:43.517266Z DEBUG [Cache] Cache hit for key: user_profile_8498
2026-05-08T21:25:45.517266Z INFO  [UserSession] User 3002 logged in from 192.168.1.192
2026-05-08T21:25:47.517266Z INFO  [HealthCheck] Service status: OK, CPU: 15%, Mem: 357MB
2026-05-08T21:25:49.517266Z INFO  [UserSession] User 4681 logged in from 192.168.1.142
2026-05-08T21:25:51.517266Z INFO  [HealthCheck] Service status: OK, CPU: 10%, Mem: 311MB
2026-05-08T21:25:53.517266Z DEBUG [Cache] Cache hit for key: user_profile_9100
2026-05-08T21:25:55.517266Z INFO  [UserSession] User 3809 logged in from 192.168.1.97
2026-05-08T21:25:57.517266Z INFO  [HealthCheck] Service status: OK, CPU: 15%, Mem: 228MB
2026-05-08T21:25:59.517266Z DEBUG [Database] Query executed in 3ms: SELECT * FROM products WHERE id=349
2026-05-08T21:26:01.517266Z INFO  [API Gateway] 200 OK GET /v1/products/458
2026-05-08T21:26:03.517266Z INFO  [UserSession] User 2916 logged in from 192.168.1.145
2026-05-08T21:26:05.517266Z INFO  [API Gateway] 200 OK GET /v1/products/125
2026-05-08T21:26:07.517266Z INFO  [UserSession] User 2662 logged in from 192.168.1.125
2026-05-08T21:26:09.517266Z INFO  [API Gateway] 200 OK GET /v1/products/495
2026-05-08T21:26:11.517266Z INFO  [UserSession] User 4700 logged in from 192.168.1.9
2026-05-08T21:26:13.517266Z INFO  [HealthCheck] Service status: OK, CPU: 13%, Mem: 364MB
2026-05-08T21:26:15.517266Z INFO  [API Gateway] 200 OK GET /v1/products/57
2026-05-08T21:26:17.517266Z INFO  [HealthCheck] Service status: OK, CPU: 8%, Mem: 230MB
2026-05-08T21:26:19.517266Z DEBUG [Database] Query executed in 3ms: SELECT * FROM products WHERE id=288
2026-05-08T21:26:21.517266Z INFO  [HealthCheck] Service status: OK, CPU: 12%, Mem: 375MB
2026-05-08T21:26:23.517266Z DEBUG [Cache] Cache hit for key: user_profile_7300
2026-05-08T21:26:25.517266Z DEBUG [Database] Query executed in 6ms: SELECT * FROM products WHERE id=476
2026-05-08T21:26:27.517266Z INFO  [HealthCheck] Service status: OK, CPU: 6%, Mem: 351MB
2026-05-08T21:26:29.517266Z DEBUG [Cache] Cache hit for key: user_profile_6120
2026-05-08T21:26:31.517266Z INFO  [HealthCheck] Service status: OK, CPU: 12%, Mem: 257MB
2026-05-08T21:26:33.517266Z DEBUG [Database] Query executed in 6ms: SELECT * FROM products WHERE id=463
2026-05-08T21:26:35.517266Z INFO  [API Gateway] 200 OK GET /v1/products/34
2026-05-08T21:26:37.517266Z INFO  [API Gateway] 200 OK GET /v1/products/235
2026-05-08T21:26:39.517266Z INFO  [HealthCheck] Service status: OK, CPU: 6%, Mem: 291MB
2026-05-08T21:26:41.517266Z DEBUG [Cache] Cache hit for key: user_profile_4186
2026-05-08T21:26:43.517266Z INFO  [UserSession] User 1577 logged in from 192.168.1.34
2026-05-08T21:26:45.517266Z INFO  [API Gateway] 200 OK GET /v1/products/329
2026-05-08T21:26:47.517266Z INFO  [HealthCheck] Service status: OK, CPU: 12%, Mem: 206MB
2026-05-08T21:26:49.517266Z INFO  [UserSession] User 7781 logged in from 192.168.1.131
2026-05-08T21:26:51.517266Z INFO  [HealthCheck] Service status: OK, CPU: 6%, Mem: 246MB
2026-05-08T21:26:53.517266Z DEBUG [Cache] Cache hit for key: user_profile_9552
2026-05-08T21:26:55.517266Z INFO  [UserSession] User 7582 logged in from 192.168.1.17
2026-05-08T21:26:57.517266Z INFO  [API Gateway] 200 OK GET /v1/products/365
2026-05-08T21:26:59.517266Z DEBUG [Cache] Cache hit for key: user_profile_7927
2026-05-08T21:27:01.517266Z DEBUG [Database] Query executed in 8ms: SELECT * FROM products WHERE id=77
2026-05-08T21:27:03.517266Z INFO  [HealthCheck] Service status: OK, CPU: 11%, Mem: 304MB
2026-05-08T21:27:05.517266Z DEBUG [Database] Query executed in 5ms: SELECT * FROM products WHERE id=379
2026-05-08T21:27:07.517266Z INFO  [UserSession] User 6676 logged in from 192.168.1.18
2026-05-08T21:27:09.517266Z DEBUG [Cache] Cache hit for key: user_profile_6539
2026-05-08T21:27:11.517266Z DEBUG [Database] Query executed in 7ms: SELECT * FROM products WHERE id=248
2026-05-08T21:27:13.517266Z DEBUG [Cache] Cache hit for key: user_profile_2815
2026-05-08T21:27:15.517266Z INFO  [HealthCheck] Service status: OK, CPU: 13%, Mem: 363MB
2026-05-08T21:27:17.517266Z INFO  [API Gateway] 200 OK GET /v1/products/318
2026-05-08T21:27:19.517266Z INFO  [UserSession] User 8611 logged in from 192.168.1.221
2026-05-08T21:27:21.517266Z DEBUG [Database] Query executed in 7ms: SELECT * FROM products WHERE id=209
2026-05-08T21:27:23.517266Z INFO  [HealthCheck] Service status: OK, CPU: 14%, Mem: 287MB
2026-05-08T21:27:25.517266Z INFO  [UserSession] User 5003 logged in from 192.168.1.192
2026-05-08T21:27:27.517266Z INFO  [API Gateway] 200 OK GET /v1/products/178
2026-05-08T21:27:29.517266Z INFO  [API Gateway] 200 OK GET /v1/products/467
2026-05-08T21:27:31.517266Z DEBUG [Cache] Cache hit for key: user_profile_3971
2026-05-08T21:27:33.517266Z DEBUG [Database] Query executed in 9ms: SELECT * FROM products WHERE id=345
2026-05-08T21:27:35.517266Z INFO  [API Gateway] 200 OK GET /v1/products/215
2026-05-08T21:27:37.517266Z DEBUG [Cache] Cache hit for key: user_profile_6958
2026-05-08T21:27:39.517266Z INFO  [API Gateway] 200 OK GET /v1/products/216
2026-05-08T21:27:41.517266Z DEBUG [Cache] Cache hit for key: user_profile_3127
2026-05-08T21:27:43.517266Z INFO  [HealthCheck] Service status: OK, CPU: 6%, Mem: 288MB
2026-05-08T21:27:45.517266Z DEBUG [Cache] Cache hit for key: user_profile_9610
2026-05-08T21:27:47.517266Z INFO  [API Gateway] 200 OK GET /v1/products/190
2026-05-08T21:27:49.517266Z DEBUG [Database] Query executed in 8ms: SELECT * FROM products WHERE id=461
2026-05-08T21:27:51.517266Z INFO  [UserSession] User 4884 logged in from 192.168.1.57
2026-05-08T21:27:53.517266Z DEBUG [Database] Query executed in 3ms: SELECT * FROM products WHERE id=104
2026-05-08T21:27:55.517266Z INFO  [UserSession] User 8504 logged in from 192.168.1.146
2026-05-08T21:27:57.517266Z INFO  [HealthCheck] Service status: OK, CPU: 11%, Mem: 221MB
2026-05-08T21:27:59.517266Z INFO  [API Gateway] 200 OK GET /v1/products/270
2026-05-08T21:28:01.517266Z INFO  [UserSession] User 2563 logged in from 192.168.1.71
2026-05-08T21:28:03.517266Z DEBUG [Cache] Cache hit for key: user_profile_4408
2026-05-08T21:28:05.517266Z INFO  [UserSession] User 1117 logged in from 192.168.1.251
2026-05-08T21:28:07.517266Z DEBUG [Cache] Cache hit for key: user_profile_8345
2026-05-08T21:28:09.517266Z DEBUG [Database] Query executed in 8ms: SELECT * FROM products WHERE id=325
2026-05-08T21:28:11.517266Z DEBUG [Database] Query executed in 8ms: SELECT * FROM products WHERE id=148
2026-05-08T21:28:13.517266Z INFO  [API Gateway] 200 OK GET /v1/products/229
2026-05-08T21:28:15.517266Z INFO  [HealthCheck] Service status: OK, CPU: 10%, Mem: 236MB
2026-05-08T21:28:17.517266Z INFO  [HealthCheck] Service status: OK, CPU: 9%, Mem: 273MB
2026-05-08T21:28:19.517266Z DEBUG [Database] Query executed in 4ms: SELECT * FROM products WHERE id=414
2026-05-08T21:28:21.517266Z DEBUG [Cache] Cache hit for key: user_profile_6859
2026-05-08T21:28:23.517266Z INFO  [HealthCheck] Service status: OK, CPU: 6%, Mem: 291MB
2026-05-08T21:28:25.517266Z DEBUG [Cache] Cache hit for key: user_profile_4226
2026-05-08T21:28:27.517266Z INFO  [UserSession] User 4292 logged in from 192.168.1.175
2026-05-08T21:28:29.517266Z INFO  [HealthCheck] Service status: OK, CPU: 7%, Mem: 304MB
2026-05-08T21:28:31.517266Z INFO  [HealthCheck] Service status: OK, CPU: 6%, Mem: 229MB
2026-05-08T21:28:33.517266Z INFO  [UserSession] User 7481 logged in from 192.168.1.111
2026-05-08T21:28:35.517266Z DEBUG [Database] Query executed in 4ms: SELECT * FROM products WHERE id=451
2026-05-08T21:28:37.517266Z DEBUG [Database] Query executed in 8ms: SELECT * FROM products WHERE id=51
2026-05-08T21:28:39.517266Z INFO  [UserSession] User 8003 logged in from 192.168.1.33
2026-05-08T21:28:41.517266Z INFO  [API Gateway] 200 OK GET /v1/products/173
2026-05-08T21:28:43.517266Z DEBUG [Database] Query executed in 7ms: SELECT * FROM products WHERE id=171
2026-05-08T21:28:45.517266Z INFO  [API Gateway] 200 OK GET /v1/products/373
2026-05-08T21:28:47.517266Z DEBUG [Database] Query executed in 3ms: SELECT * FROM products WHERE id=199
2026-05-08T21:28:49.517266Z DEBUG [Cache] Cache hit for key: user_profile_1502
2026-05-08T21:28:51.517266Z INFO  [API Gateway] 200 OK GET /v1/products/180
2026-05-08T21:28:53.517266Z DEBUG [Database] Query executed in 5ms: SELECT * FROM products WHERE id=155
2026-05-08T21:28:55.517266Z INFO  [UserSession] User 1228 logged in from 192.168.1.237
2026-05-08T21:28:57.517266Z INFO  [API Gateway] 200 OK GET /v1/products/244
2026-05-08T21:53:59.517266Z ERROR [Database] Connection pool exhausted. Timeout after 5000ms. Retrying...
2026-05-08T21:53:59.517266Z ERROR [Database] Connection pool exhausted. Timeout after 5000ms. Retrying...
2026-05-08T21:53:59.517266Z ERROR [Database] Connection pool exhausted. Timeout after 5000ms. Retrying...
2026-05-08T21:53:59.517266Z ERROR [Database] Connection pool exhausted. Timeout after 5000ms. Retrying...
2026-05-08T21:53:59.517266Z ERROR [Database] Connection pool exhausted. Timeout after 5000ms. Retrying...
2026-05-08T21:53:59.517266Z ERROR [Database] Connection pool exhausted. Timeout after 5000ms. Retrying...
2026-05-08T21:53:59.517266Z ERROR [Database] Connection pool exhausted. Timeout after 5000ms. Retrying...
2026-05-08T21:53:59.517266Z ERROR [Database] Connection pool exhausted. Timeout after 5000ms. Retrying...
2026-05-08T21:53:59.517266Z ERROR [Database] Connection pool exhausted. Timeout after 5000ms. Retrying...
2026-05-08T21:53:59.517266Z ERROR [Database] Connection pool exhausted. Timeout after 5000ms. Retrying...
2026-05-08T21:53:59.517266Z ERROR [Database] Connection pool exhausted. Timeout after 5000ms. Retrying...
2026-05-08T21:53:59.517266Z ERROR [Database] Connection pool exhausted. Timeout after 5000ms. Retrying...
2026-05-08T21:53:59.517266Z ERROR [Database] Connection pool exhausted. Timeout after 5000ms. Retrying...
2026-05-08T21:53:59.517266Z ERROR [Database] Connection pool exhausted. Timeout after 5000ms. Retrying...
2026-05-08T21:53:59.517266Z ERROR [Database] Connection pool exhausted. Timeout after 5000ms. Retrying...
2026-05-08T21:53:59.517266Z ERROR [Database] Connection pool exhausted. Timeout after 5000ms. Retrying...
2026-05-08T21:53:59.517266Z ERROR [Database] Connection pool exhausted. Timeout after 5000ms. Retrying...
2026-05-08T21:53:59.517266Z ERROR [Database] Connection pool exhausted. Timeout after 5000ms. Retrying...
2026-05-08T21:53:59.517266Z ERROR [Database] Connection pool exhausted. Timeout after 5000ms. Retrying...
2026-05-08T21:53:59.517266Z ERROR [Database] Connection pool exhausted. Timeout after 5000ms. Retrying...
2026-05-08T21:53:59.517266Z FATAL [Kernel] Segmentation fault (core dumped) at 0x00007f8e12b3c4d. Signal 11.
2026-05-08T21:53:59.517266Z FATAL [Kernel] Stack trace: #0 0x00007f8e12b3c4d in ?? ()