2026-11-29T00:16:51.000Z INFO [payment-gateway] Transaction volume normalized tps=8500 p99_latency=120ms
2026-11-29T00:02:58.000Z INFO [payment-gateway] Payment authorized amount=$129.99 card_type=visa status=approved
2026-11-29T00:05:45.000Z WARN [payment-gateway] Response time degraded avg_latency=850ms threshold=500ms connection_pool=89%
2026-11-29T00:03:58.000Z INFO [payment-gateway] Payment authorized amount=$129.99 card_type=visa status=approved
2026-11-29T00:02:43.000Z INFO [payment-gateway] Payment authorized amount=$129.99 card_type=visa status=approved
2026-11-29T00:13:51.000Z INFO [payment-gateway] Retry successful stripe.internal reconnected after=50s
2026-11-29T00:01:23.000Z INFO [payment-gateway] Payment authorized amount=$129.99 card_type=visa status=approved
2026-11-29T00:00:20.000Z INFO [payment-gateway] Request processed successfully req_id=13905 latency=45ms
2026-11-29T00:04:08.000Z INFO [payment-gateway] Payment authorized amount=$129.99 card_type=visa status=approved
2026-11-29T00:07:48.000Z ERROR [payment-gateway] Connection timeout to payment-processor host=stripe.internal port=8443 timeout=30s attempt=1/3
2026-11-29T00:08:24.000Z ERROR [payment-gateway] Connection timeout to payment-processor host=stripe.internal port=8443 timeout=30s attempt=1/3
2026-11-29T00:08:57.000Z ERROR [payment-gateway] Connection timeout to payment-processor host=stripe.internal port=8443 timeout=30s attempt=3/3
2026-11-29T00:00:28.000Z INFO [payment-gateway] Payment authorized amount=$129.99 card_type=visa status=approved
2026-11-29T00:14:15.000Z INFO [payment-gateway] Retry successful stripe.internal reconnected after=66s
2026-11-29T00:14:12.000Z INFO [payment-gateway] Retry successful stripe.internal reconnected after=64s
2026-11-29T00:17:05.000Z INFO [payment-gateway] Transaction volume normalized tps=8500 p99_latency=120ms
2026-11-29T00:03:33.000Z INFO [payment-gateway] Payment authorized amount=$129.99 card_type=visa status=approved
2026-11-29T00:17:17.000Z INFO [payment-gateway] Transaction volume normalized tps=8500 p99_latency=120ms
2026-11-29T00:00:08.000Z INFO [payment-gateway] Payment authorized amount=$129.99 card_type=visa status=approved
2026-11-29T00:17:15.000Z INFO [payment-gateway] Transaction volume normalized tps=8500 p99_latency=120ms
2026-11-29T00:09:06.000Z ERROR [payment-gateway] Connection timeout to payment-processor host=stripe.internal port=8443 timeout=30s attempt=3/3
2026-11-29T00:13:57.000Z INFO [payment-gateway] Retry successful stripe.internal reconnected after=54s
2026-11-29T00:06:00.000Z WARN [payment-gateway] Response time degraded avg_latency=850ms threshold=500ms connection_pool=89%
2026-11-29T00:09:24.000Z ERROR [payment-gateway] Connection timeout to payment-processor host=stripe.internal port=8443 timeout=30s attempt=3/3
2026-11-29T00:14:39.000Z INFO [payment-gateway] Retry successful stripe.internal reconnected after=82s
2026-11-29T00:14:49.000Z INFO [payment-gateway] Recovery complete processing_rate=15000/min normal_operations=true
2026-11-29T00:13:33.000Z INFO [payment-gateway] Retry successful stripe.internal reconnected after=38s
2026-11-29T00:08:12.000Z ERROR [payment-gateway] Connection timeout to payment-processor host=stripe.internal port=8443 timeout=30s attempt=3/3
2026-11-29T00:03:18.000Z INFO [payment-gateway] Payment authorized amount=$129.99 card_type=visa status=approved
2026-11-29T00:14:37.000Z INFO [payment-gateway] Recovery complete processing_rate=15000/min normal_operations=true
2026-11-29T00:02:28.000Z INFO [payment-gateway] Payment authorized amount=$129.99 card_type=visa status=approved
2026-11-29T00:06:15.000Z WARN [payment-gateway] Response time degraded avg_latency=850ms threshold=500ms connection_pool=89%
2026-11-29T00:06:10.000Z WARN [payment-gateway] Response time degraded avg_latency=850ms threshold=500ms connection_pool=89%
2026-11-29T00:13:27.000Z INFO [payment-gateway] Retry successful stripe.internal reconnected after=34s
2026-11-29T00:07:32.000Z ERROR [payment-gateway] Payment failed debugging data: user email: john.doe@globalmart.com card: 4532-1234-5678-9012
2026-11-29T00:17:11.000Z INFO [payment-gateway] Transaction volume normalized tps=8500 p99_latency=120ms
2026-11-29T00:08:42.000Z ERROR [payment-gateway] Connection timeout to payment-processor host=stripe.internal port=8443 timeout=30s attempt=1/3
2026-11-29T00:01:28.000Z INFO [payment-gateway] Payment authorized amount=$129.99 card_type=visa status=approved
2026-11-29T00:03:08.000Z INFO [payment-gateway] Payment authorized amount=$129.99 card_type=visa status=approved
2026-11-29T00:01:35.000Z INFO [payment-gateway] Request processed successfully req_id=96673 latency=45ms
2026-11-29T00:14:31.000Z INFO [payment-gateway] Recovery complete processing_rate=15000/min normal_operations=true
2026-11-29T00:00:48.000Z INFO [payment-gateway] Payment authorized amount=$129.99 card_type=visa status=approved
2026-11-29T00:14:43.000Z INFO [payment-gateway] Recovery complete processing_rate=15000/min normal_operations=true
2026-11-29T00:07:42.000Z ERROR [payment-gateway] Connection timeout to payment-processor host=stripe.internal port=8443 timeout=30s attempt=2/3
2026-11-29T00:07:20.000Z WARN [payment-gateway] Response time degraded avg_latency=850ms threshold=500ms connection_pool=89%
2026-11-29T00:14:46.000Z INFO [payment-gateway] Recovery complete processing_rate=15000/min normal_operations=true
2026-11-29T00:00:18.000Z INFO [payment-gateway] Payment authorized amount=$129.99 card_type=visa status=approved
2026-11-29T00:02:33.000Z INFO [payment-gateway] Payment authorized amount=$129.99 card_type=visa status=approved
2026-11-29T00:06:45.000Z WARN [payment-gateway] Response time degraded avg_latency=850ms threshold=500ms connection_pool=89%
2026-11-29T00:07:00.000Z WARN [payment-gateway] Response time degraded avg_latency=850ms threshold=500ms connection_pool=89%
2026-11-29T00:01:18.000Z INFO [payment-gateway] Payment authorized amount=$129.99 card_type=visa status=approved
2026-11-29T00:02:13.000Z INFO [payment-gateway] Payment authorized amount=$129.99 card_type=visa status=approved
2026-11-29T00:03:13.000Z INFO [payment-gateway] Payment authorized amount=$129.99 card_type=visa status=approved
2026-11-29T00:09:08.000Z ERROR [payment-gateway] Payment failed debugging data: ssn: 123-45-6789 account: GB29NWBK60161331926819
2026-11-29T00:13:45.000Z INFO [payment-gateway] Retry successful stripe.internal reconnected after=46s
2026-11-29T00:09:09.000Z ERROR [payment-gateway] Connection timeout to payment-processor host=stripe.internal port=8443 timeout=30s attempt=1/3
2026-11-29T00:01:33.000Z INFO [payment-gateway] Payment authorized amount=$129.99 card_type=visa status=approved
2026-11-29T00:06:05.000Z WARN [payment-gateway] Response time degraded avg_latency=850ms threshold=500ms connection_pool=89%
2026-11-29T00:02:53.000Z INFO [payment-gateway] Payment authorized amount=$129.99 card_type=visa status=approved
2026-11-29T00:14:06.000Z INFO [payment-gateway] Retry successful stripe.internal reconnected after=60s
2026-11-29T00:14:24.000Z INFO [payment-gateway] Retry successful stripe.internal reconnected after=72s
2026-11-29T00:02:25.000Z INFO [payment-gateway] Request processed successfully req_id=40021 latency=45ms
2026-11-29T00:08:45.000Z ERROR [payment-gateway] Connection timeout to payment-processor host=stripe.internal port=8443 timeout=30s attempt=2/3
2026-11-29T00:01:13.000Z INFO [payment-gateway] Payment authorized amount=$129.99 card_type=visa status=approved
2026-11-29T00:14:03.000Z INFO [payment-gateway] Retry successful stripe.internal reconnected after=58s
2026-11-29T00:16:53.000Z INFO [payment-gateway] Transaction volume normalized tps=8500 p99_latency=120ms
2026-11-29T00:08:09.000Z ERROR [payment-gateway] Connection timeout to payment-processor host=stripe.internal port=8443 timeout=30s attempt=2/3
2026-11-29T00:16:59.000Z INFO [payment-gateway] Transaction volume normalized tps=8500 p99_latency=120ms
2026-11-29T00:05:30.000Z WARN [payment-gateway] Response time degraded avg_latency=850ms threshold=500ms connection_pool=89%
2026-11-29T00:05:05.000Z WARN [payment-gateway] Response time degraded avg_latency=850ms threshold=500ms connection_pool=89%
2026-11-29T00:01:03.000Z INFO [payment-gateway] Payment authorized amount=$129.99 card_type=visa status=approved
2026-11-29T00:02:48.000Z INFO [payment-gateway] Payment authorized amount=$129.99 card_type=visa status=approved
2026-11-29T00:17:07.000Z INFO [payment-gateway] Transaction volume normalized tps=8500 p99_latency=120ms
2026-11-29T00:14:40.000Z INFO [payment-gateway] Recovery complete processing_rate=15000/min normal_operations=true
2026-11-29T00:09:27.000Z ERROR [payment-gateway] Connection timeout to payment-processor host=stripe.internal port=8443 timeout=30s attempt=1/3
2026-11-29T00:03:38.000Z INFO [payment-gateway] Payment authorized amount=$129.99 card_type=visa status=approved
2026-11-29T00:14:42.000Z INFO [payment-gateway] Retry successful stripe.internal reconnected after=84s
2026-11-29T00:14:45.000Z INFO [payment-gateway] Retry successful stripe.internal reconnected after=86s
2026-11-29T00:14:25.000Z INFO [payment-gateway] Recovery complete processing_rate=15000/min normal_operations=true
2026-11-29T00:00:33.000Z INFO [payment-gateway] Payment authorized amount=$129.99 card_type=visa status=approved
2026-11-29T00:00:58.000Z INFO [payment-gateway] Payment authorized amount=$129.99 card_type=visa status=approved
2026-11-29T00:08:15.000Z ERROR [payment-gateway] Connection timeout to payment-processor host=stripe.internal port=8443 timeout=30s attempt=1/3
2026-11-29T00:00:43.000Z INFO [payment-gateway] Payment authorized amount=$129.99 card_type=visa status=approved
2026-11-29T00:09:18.000Z ERROR [payment-gateway] Connection timeout to payment-processor host=stripe.internal port=8443 timeout=30s attempt=1/3
2026-11-29T00:08:27.000Z ERROR [payment-gateway] Connection timeout to payment-processor host=stripe.internal port=8443 timeout=30s attempt=2/3
2026-11-29T00:13:39.000Z INFO [payment-gateway] Retry successful stripe.internal reconnected after=42s
2026-11-29T00:01:48.000Z INFO [payment-gateway] Payment authorized amount=$129.99 card_type=visa status=approved
2026-11-29T00:00:23.000Z INFO [payment-gateway] Payment authorized amount=$129.99 card_type=visa status=approved
2026-11-29T00:09:21.000Z ERROR [payment-gateway] Connection timeout to payment-processor host=stripe.internal port=8443 timeout=30s attempt=2/3
2026-11-29T00:07:36.000Z ERROR [payment-gateway] Connection timeout to payment-processor host=stripe.internal port=8443 timeout=30s attempt=3/3
2026-11-29T00:08:51.000Z ERROR [payment-gateway] Connection timeout to payment-processor host=stripe.internal port=8443 timeout=30s attempt=1/3
2026-11-29T00:07:33.000Z ERROR [payment-gateway] Connection timeout to payment-processor host=stripe.internal port=8443 timeout=30s attempt=2/3
2026-11-29T00:06:20.000Z WARN [payment-gateway] Response time degraded avg_latency=850ms threshold=500ms connection_pool=89%
2026-11-29T00:16:57.000Z INFO [payment-gateway] Transaction volume normalized tps=8500 p99_latency=120ms
2026-11-29T00:07:51.000Z ERROR [payment-gateway] Connection timeout to payment-processor host=stripe.internal port=8443 timeout=30s attempt=2/3
2026-11-29T00:06:50.000Z WARN [payment-gateway] Response time degraded avg_latency=850ms threshold=500ms connection_pool=89%
2026-11-29T00:00:53.000Z INFO [payment-gateway] Payment authorized amount=$129.99 card_type=visa status=approved
2026-11-29T00:08:36.000Z ERROR [payment-gateway] Connection timeout to payment-processor host=stripe.internal port=8443 timeout=30s attempt=2/3
2026-11-29T00:13:30.000Z INFO [payment-gateway] Retry successful stripe.internal reconnected after=36s
2026-11-29T00:14:18.000Z INFO [payment-gateway] Retry successful stripe.internal reconnected after=68s
2026-11-29T00:01:08.000Z INFO [payment-gateway] Payment authorized amount=$129.99 card_type=visa status=approved
2026-11-29T00:16:45.000Z INFO [payment-gateway] Transaction volume normalized tps=8500 p99_latency=120ms
2026-11-29T00:04:03.000Z INFO [payment-gateway] Payment authorized amount=$129.99 card_type=visa status=approved
2026-11-29T00:08:39.000Z ERROR [payment-gateway] Connection timeout to payment-processor host=stripe.internal port=8443 timeout=30s attempt=3/3
2026-11-29T00:17:01.000Z INFO [payment-gateway] Transaction volume normalized tps=8500 p99_latency=120ms
2026-11-29T00:03:53.000Z INFO [payment-gateway] Payment authorized amount=$129.99 card_type=visa status=approved
2026-11-29T00:08:06.000Z ERROR [payment-gateway] Connection timeout to payment-processor host=stripe.internal port=8443 timeout=30s attempt=1/3
2026-11-29T00:07:25.000Z WARN [payment-gateway] Response time degraded avg_latency=850ms threshold=500ms connection_pool=89%
2026-11-29T00:16:43.000Z INFO [payment-gateway] Transaction volume normalized tps=8500 p99_latency=120ms
2026-11-29T00:07:15.000Z WARN [payment-gateway] Response time degraded avg_latency=850ms threshold=500ms connection_pool=89%
2026-11-29T00:06:35.000Z WARN [payment-gateway] Response time degraded avg_latency=850ms threshold=500ms connection_pool=89%
2026-11-29T00:08:54.000Z ERROR [payment-gateway] Connection timeout to payment-processor host=stripe.internal port=8443 timeout=30s attempt=2/3
2026-11-29T00:05:15.000Z WARN [payment-gateway] Response time degraded avg_latency=850ms threshold=500ms connection_pool=89%
2026-11-29T00:01:53.000Z INFO [payment-gateway] Payment authorized amount=$129.99 card_type=visa status=approved
2026-11-29T00:16:49.000Z INFO [payment-gateway] Transaction volume normalized tps=8500 p99_latency=120ms
2026-11-29T00:14:27.000Z INFO [payment-gateway] Retry successful stripe.internal reconnected after=74s
2026-11-29T00:09:12.000Z ERROR [payment-gateway] Connection timeout to payment-processor host=stripe.internal port=8443 timeout=30s attempt=2/3
2026-11-29T00:09:03.000Z ERROR [payment-gateway] Connection timeout to payment-processor host=stripe.internal port=8443 timeout=30s attempt=2/3
2026-11-29T00:13:48.000Z INFO [payment-gateway] Retry successful stripe.internal reconnected after=48s
2026-11-29T00:03:28.000Z INFO [payment-gateway] Payment authorized amount=$129.99 card_type=visa status=approved
2026-11-29T00:00:38.000Z INFO [payment-gateway] Payment authorized amount=$129.99 card_type=visa status=approved
2026-11-29T00:05:00.000Z WARN [payment-gateway] Response time degraded avg_latency=850ms threshold=500ms connection_pool=89%
2026-11-29T00:06:40.000Z WARN [payment-gateway] Response time degraded avg_latency=850ms threshold=500ms connection_pool=89%
2026-11-29T00:17:19.000Z INFO [payment-gateway] Transaction volume normalized tps=8500 p99_latency=120ms
2026-11-29T00:02:23.000Z INFO [payment-gateway] Payment authorized amount=$129.99 card_type=visa status=approved
2026-11-29T00:09:15.000Z ERROR [payment-gateway] Connection timeout to payment-processor host=stripe.internal port=8443 timeout=30s attempt=3/3
2026-11-29T00:07:57.000Z ERROR [payment-gateway] Connection timeout to payment-processor host=stripe.internal port=8443 timeout=30s attempt=1/3
2026-11-29T00:05:35.000Z WARN [payment-gateway] Response time degraded avg_latency=850ms threshold=500ms connection_pool=89%
2026-11-29T00:17:09.000Z INFO [payment-gateway] Transaction volume normalized tps=8500 p99_latency=120ms
2026-11-29T00:13:21.000Z INFO [payment-gateway] Retry successful stripe.internal reconnected after=30s
2026-11-29T00:08:03.000Z ERROR [payment-gateway] Connection timeout to payment-processor host=stripe.internal port=8443 timeout=30s attempt=3/3
2026-11-29T00:14:30.000Z INFO [payment-gateway] Retry successful stripe.internal reconnected after=76s
2026-11-29T00:13:24.000Z INFO [payment-gateway] Retry successful stripe.internal reconnected after=32s
2026-11-29T00:13:42.000Z INFO [payment-gateway] Retry successful stripe.internal reconnected after=44s
2026-11-29T00:16:55.000Z INFO [payment-gateway] Transaction volume normalized tps=8500 p99_latency=120ms
2026-11-29T00:09:00.000Z ERROR [payment-gateway] Connection timeout to payment-processor host=stripe.internal port=8443 timeout=30s attempt=1/3
2026-11-29T00:14:34.000Z INFO [payment-gateway] Recovery complete processing_rate=15000/min normal_operations=true
2026-11-29T00:08:30.000Z ERROR [payment-gateway] Connection timeout to payment-processor host=stripe.internal port=8443 timeout=30s attempt=3/3
2026-11-29T00:14:21.000Z INFO [payment-gateway] Retry successful stripe.internal reconnected after=70s
2026-11-29T00:05:40.000Z WARN [payment-gateway] Response time degraded avg_latency=850ms threshold=500ms connection_pool=89%
2026-11-29T00:14:36.000Z INFO [payment-gateway] Retry successful stripe.internal reconnected after=80s
2026-11-29T00:01:58.000Z INFO [payment-gateway] Payment authorized amount=$129.99 card_type=visa status=approved
2026-11-29T00:08:18.000Z ERROR [payment-gateway] Connection timeout to payment-processor host=stripe.internal port=8443 timeout=30s attempt=2/3
2026-11-29T00:08:00.000Z ERROR [payment-gateway] Connection timeout to payment-processor host=stripe.internal port=8443 timeout=30s attempt=2/3
2026-11-29T00:03:03.000Z INFO [payment-gateway] Payment authorized amount=$129.99 card_type=visa status=approved
2026-11-29T00:07:10.000Z WARN [payment-gateway] Response time degraded avg_latency=850ms threshold=500ms connection_pool=89%
2026-11-29T00:08:20.000Z ERROR [payment-gateway] Payment failed debugging data: ssn: 123-45-6789 account: GB29NWBK60161331926819
2026-11-29T00:05:20.000Z WARN [payment-gateway] Response time degraded avg_latency=850ms threshold=500ms connection_pool=89%
2026-11-29T00:13:54.000Z INFO [payment-gateway] Retry successful stripe.internal reconnected after=52s
2026-11-29T00:08:44.000Z ERROR [payment-gateway] Payment failed debugging data: ssn: 123-45-6789 account: GB29NWBK60161331926819
2026-11-29T00:02:08.000Z INFO [payment-gateway] Payment authorized amount=$129.99 card_type=visa status=approved
2026-11-29T00:08:21.000Z ERROR [payment-gateway] Connection timeout to payment-processor host=stripe.internal port=8443 timeout=30s attempt=3/3
2026-11-29T00:01:15.000Z INFO [payment-gateway] Request processed successfully req_id=70217 latency=45ms
2026-11-29T00:07:39.000Z ERROR [payment-gateway] Connection timeout to payment-processor host=stripe.internal port=8443 timeout=30s attempt=1/3
2026-11-29T00:17:03.000Z INFO [payment-gateway] Transaction volume normalized tps=8500 p99_latency=120ms
2026-11-29T00:07:30.000Z ERROR [payment-gateway] Connection timeout to payment-processor host=stripe.internal port=8443 timeout=30s attempt=1/3
2026-11-29T00:03:48.000Z INFO [payment-gateway] Payment authorized amount=$129.99 card_type=visa status=approved
2026-11-29T00:00:13.000Z INFO [payment-gateway] Payment authorized amount=$129.99 card_type=visa status=approved
2026-11-29T00:14:09.000Z INFO [payment-gateway] Retry successful stripe.internal reconnected after=62s
2026-11-29T00:16:41.000Z INFO [payment-gateway] Transaction volume normalized tps=8500 p99_latency=120ms
2026-11-29T00:07:45.000Z ERROR [payment-gateway] Connection timeout to payment-processor host=stripe.internal port=8443 timeout=30s attempt=3/3
2026-11-29T00:08:48.000Z ERROR [payment-gateway] Connection timeout to payment-processor host=stripe.internal port=8443 timeout=30s attempt=3/3
2026-11-29T00:07:05.000Z WARN [payment-gateway] Response time degraded avg_latency=850ms threshold=500ms connection_pool=89%
2026-11-29T00:14:48.000Z INFO [payment-gateway] Retry successful stripe.internal reconnected after=88s
2026-11-29T00:08:33.000Z ERROR [payment-gateway] Connection timeout to payment-processor host=stripe.internal port=8443 timeout=30s attempt=1/3
2026-11-29T00:14:33.000Z INFO [payment-gateway] Retry successful stripe.internal reconnected after=78s
2026-11-29T00:17:13.000Z INFO [payment-gateway] Transaction volume normalized tps=8500 p99_latency=120ms
2026-11-29T00:13:36.000Z INFO [payment-gateway] Retry successful stripe.internal reconnected after=40s
2026-11-29T00:02:03.000Z INFO [payment-gateway] Payment authorized amount=$129.99 card_type=visa status=approved
2026-11-29T00:07:56.000Z ERROR [payment-gateway] Payment failed debugging data: customer phone: +1-555-0123-4567 addr: 123 Main St, Dallas TX 75001
2026-11-29T00:14:00.000Z INFO [payment-gateway] Retry successful stripe.internal reconnected after=56s
2026-11-29T00:03:43.000Z INFO [payment-gateway] Payment authorized amount=$129.99 card_type=visa status=approved
2026-11-29T00:02:18.000Z INFO [payment-gateway] Payment authorized amount=$129.99 card_type=visa status=approved
2026-11-29T00:03:23.000Z INFO [payment-gateway] Payment authorized amount=$129.99 card_type=visa status=approved
2026-11-29T00:14:28.000Z INFO [payment-gateway] Recovery complete processing_rate=15000/min normal_operations=true
2026-11-29T00:05:50.000Z WARN [payment-gateway] Response time degraded avg_latency=850ms threshold=500ms connection_pool=89%
2026-11-29T00:01:43.000Z INFO [payment-gateway] Payment authorized amount=$129.99 card_type=visa status=approved
2026-11-29T00:01:38.000Z INFO [payment-gateway] Payment authorized amount=$129.99 card_type=visa status=approved
2026-11-29T00:06:30.000Z WARN [payment-gateway] Response time degraded avg_latency=850ms threshold=500ms connection_pool=89%
2026-11-29T00:07:54.000Z ERROR [payment-gateway] Connection timeout to payment-processor host=stripe.internal port=8443 timeout=30s attempt=3/3
2026-11-29T00:05:55.000Z WARN [payment-gateway] Response time degraded avg_latency=850ms threshold=500ms connection_pool=89%
2026-11-29T00:05:10.000Z WARN [payment-gateway] Response time degraded avg_latency=850ms threshold=500ms connection_pool=89%
2026-11-29T00:16:47.000Z INFO [payment-gateway] Transaction volume normalized tps=8500 p99_latency=120ms
2026-11-29T00:00:03.000Z INFO [payment-gateway] Payment authorized amount=$129.99 card_type=visa status=approved
2026-11-29T00:06:25.000Z WARN [payment-gateway] Response time degraded avg_latency=850ms threshold=500ms connection_pool=89%
2026-11-29T00:05:25.000Z WARN [payment-gateway] Response time degraded avg_latency=850ms threshold=500ms connection_pool=89%
2026-11-29T00:06:55.000Z WARN [payment-gateway] Response time degraded avg_latency=850ms threshold=500ms connection_pool=89%
2026-11-29T00:02:38.000Z INFO [payment-gateway] Payment authorized amount=$129.99 card_type=visa status=approved