2026-11-29T00:12:06.000Z WARN [api-gateway] Rate limit applied client_ip=192.168.1.20 requests=1500/min limit=1000/min
2026-11-29T00:02:32.000Z INFO [api-gateway] GET /api/v2/products 200 OK user_id=4387 duration=67ms
2026-11-29T00:12:36.000Z WARN [api-gateway] Rate limit applied client_ip=192.168.1.215 requests=1500/min limit=1000/min
2026-11-29T00:16:51.000Z INFO [payment-gateway] Transaction volume normalized tps=8500 p99_latency=120ms
2026-11-29T00:14:38.000Z INFO [auth-service] Pod restarted attempt=2 status=CrashLoopBackoff restarts=26
2026-11-29T00:02:58.000Z INFO [payment-gateway] Payment authorized amount=$129.99 card_type=visa status=approved
2026-11-29T00:02:40.000Z INFO [recommendation-engine] Request processed successfully req_id=37869 latency=45ms
2026-11-29T00:10:28.000Z FATAL [auth-service] JVM crash detected OOMKilled signal=9 pod=auth-service-7f98c6 node=ip-10-0-1-42
2026-11-29T00:14:50.000Z INFO [auth-service] Service healthy replicas=3/3 memory_usage=4.1GB uptime=120s
2026-11-29T00:13:38.000Z INFO [auth-service] Pod restarted attempt=2 status=CrashLoopBackoff restarts=6
2026-11-29T00:03:15.000Z INFO [order-service] Request processed successfully req_id=21915 latency=45ms
2026-11-29T00:05:45.000Z WARN [payment-gateway] Response time degraded avg_latency=850ms threshold=500ms connection_pool=89%
2026-11-29T00:03:58.000Z INFO [payment-gateway] Payment authorized amount=$129.99 card_type=visa status=approved
2026-11-29T00:02:43.000Z INFO [payment-gateway] Payment authorized amount=$129.99 card_type=visa status=approved
2026-11-29T00:10:49.000Z WARN [notification-service] Email queue backlog=84392 processing_rate=12/s queue_drain_eta=115min
2026-11-29T00:06:32.000Z WARN [auth-service] JWT validation cache miss rate=34% redis_conn_timeout=true
2026-11-29T00:14:07.000Z INFO [order-service] Circuit breaker transitioning OPEN->HALF_OPEN testing_payment_gateway=true
2026-11-29T00:13:51.000Z INFO [payment-gateway] Retry successful stripe.internal reconnected after=50s
2026-11-29T00:01:23.000Z INFO [payment-gateway] Payment authorized amount=$129.99 card_type=visa status=approved
2026-11-29T00:12:11.000Z ERROR [recommendation-engine] ML model OOM error model=collaborative-filtering memory_required=24GB available=6.2GB
2026-11-29T00:07:06.000Z WARN [inventory-db] Slow query detected query_time=2.3s table=inventory_items rows_examined=4500000
2026-11-29T00:14:19.000Z INFO [order-service] Circuit breaker transitioning OPEN->HALF_OPEN testing_payment_gateway=true
2026-11-29T00:00:20.000Z INFO [payment-gateway] Request processed successfully req_id=13905 latency=45ms
2026-11-29T00:14:08.000Z INFO [auth-service] Pod restarted attempt=2 status=CrashLoopBackoff restarts=16
2026-11-29T00:04:08.000Z INFO [payment-gateway] Payment authorized amount=$129.99 card_type=visa status=approved
2026-11-29T00:02:12.000Z INFO [api-gateway] GET /api/v2/products 200 OK user_id=2678 duration=67ms
2026-11-29T00:07:48.000Z ERROR [payment-gateway] Connection timeout to payment-processor host=stripe.internal port=8443 timeout=30s attempt=1/3
2026-11-29T00:14:14.000Z INFO [auth-service] Pod restarted attempt=4 status=CrashLoopBackoff restarts=18
2026-11-29T00:07:55.000Z ERROR [auth-service] Redis connection pool exhausted pool_size=100 waiting=847
2026-11-29T00:12:37.000Z ERROR [cdn-edge] Cache eviction storm origin_requests=450000/min origin_capacity=50000/min spillover=true
2026-11-29T00:14:38.000Z INFO [auth-service] Service healthy replicas=3/3 memory_usage=4.1GB uptime=120s
2026-11-29T00:10:10.000Z FATAL [auth-service] OutOfMemoryError: Java heap space heap_used=7.9GB heap_max=8GB
2026-11-29T00:12:30.000Z WARN [api-gateway] Rate limit applied client_ip=192.168.1.167 requests=1500/min limit=1000/min
2026-11-29T00:08:01.000Z ERROR [auth-service] Redis connection pool exhausted pool_size=100 waiting=847
2026-11-29T00:13:44.000Z INFO [auth-service] Pod restarted attempt=4 status=CrashLoopBackoff restarts=8
2026-11-29T00:10:20.000Z FATAL [auth-service] JVM crash detected OOMKilled signal=9 pod=auth-service-7f98c6 node=ip-10-0-1-42
2026-11-29T00:01:17.000Z INFO [api-gateway] GET /api/v2/products 200 OK user_id=8786 duration=67ms
2026-11-29T00:02:02.000Z INFO [api-gateway] GET /api/v2/products 200 OK user_id=4375 duration=67ms
2026-11-29T00:09:07.000Z ERROR [inventory-db] Deadlock detected transaction_id=TX-2588 table=order_reservations waiting_for=TX-8062
2026-11-29T00:00:45.000Z INFO [user-profile] Request processed successfully req_id=46463 latency=45ms
2026-11-29T00:09:07.000Z ERROR [auth-service] Redis connection pool exhausted pool_size=100 waiting=847
2026-11-29T00:05:06.000Z WARN [inventory-db] Slow query detected query_time=2.3s table=inventory_items rows_examined=4500000
2026-11-29T00:05:08.000Z INFO [api-gateway] GET /api/v2/checkout 200 OK duration=1200ms
2026-11-29T00:06:27.000Z WARN [auth-service] JWT validation cache miss rate=34% redis_conn_timeout=true
2026-11-29T00:01:52.000Z INFO [api-gateway] GET /api/v2/products 200 OK user_id=5978 duration=67ms
2026-11-29T00:02:47.000Z INFO [api-gateway] GET /api/v2/products 200 OK user_id=7518 duration=67ms
2026-11-29T00:12:23.000Z ERROR [recommendation-engine] ML model OOM error model=collaborative-filtering memory_required=24GB available=6.2GB
2026-11-29T00:08:24.000Z ERROR [payment-gateway] Connection timeout to payment-processor host=stripe.internal port=8443 timeout=30s attempt=1/3
2026-11-29T00:08:57.000Z ERROR [payment-gateway] Connection timeout to payment-processor host=stripe.internal port=8443 timeout=30s attempt=3/3
2026-11-29T00:10:43.000Z WARN [notification-service] Email queue backlog=84392 processing_rate=12/s queue_drain_eta=115min
2026-11-29T00:10:28.000Z FATAL [auth-service] OutOfMemoryError: Java heap space heap_used=7.9GB heap_max=8GB
2026-11-29T00:07:22.000Z WARN [auth-service] JWT validation cache miss rate=34% redis_conn_timeout=true
2026-11-29T00:00:28.000Z INFO [payment-gateway] Payment authorized amount=$129.99 card_type=visa status=approved
2026-11-29T00:12:20.000Z ERROR [recommendation-engine] ML model OOM error model=collaborative-filtering memory_required=24GB available=6.2GB
2026-11-29T00:14:15.000Z INFO [payment-gateway] Retry successful stripe.internal reconnected after=66s
2026-11-29T00:06:53.000Z INFO [api-gateway] GET /api/v2/checkout 200 OK duration=1200ms
2026-11-29T00:14:12.000Z INFO [payment-gateway] Retry successful stripe.internal reconnected after=64s
2026-11-29T00:08:10.000Z ERROR [inventory-db] Deadlock detected transaction_id=TX-9645 table=order_reservations waiting_for=TX-7932
2026-11-29T00:10:49.000Z ERROR [api-gateway] auth-service unavailable returning 503 to downstream affected_requests=12847
2026-11-29T00:17:05.000Z INFO [payment-gateway] Transaction volume normalized tps=8500 p99_latency=120ms
2026-11-29T00:03:33.000Z INFO [payment-gateway] Payment authorized amount=$129.99 card_type=visa status=approved
2026-11-29T00:01:12.000Z INFO [api-gateway] GET /api/v2/products 200 OK user_id=4334 duration=67ms
2026-11-29T00:10:12.000Z FATAL [auth-service] JVM crash detected OOMKilled signal=9 pod=auth-service-7f98c6 node=ip-10-0-1-42
2026-11-29T00:07:52.000Z ERROR [auth-service] Redis connection pool exhausted pool_size=100 waiting=847
2026-11-29T00:17:17.000Z INFO [payment-gateway] Transaction volume normalized tps=8500 p99_latency=120ms
2026-11-29T00:10:09.000Z ERROR [fraud-detector] Cannot validate transaction auth-service=DOWN skipping_fraud_check=true SECURITY_RISK
2026-11-29T00:08:05.000Z ERROR [order-service] Downstream dependency failure payment-gateway circuit_breaker=OPEN failures=47
2026-11-29T00:11:59.000Z ERROR [recommendation-engine] ML model OOM error model=collaborative-filtering memory_required=24GB available=6.2GB
2026-11-29T00:10:44.000Z FATAL [auth-service] OutOfMemoryError: Java heap space heap_used=7.9GB heap_max=8GB
2026-11-29T00:00:08.000Z INFO [payment-gateway] Payment authorized amount=$129.99 card_type=visa status=approved
2026-11-29T00:10:15.000Z WARN [notification-service] Email queue backlog=84392 processing_rate=12/s queue_drain_eta=115min
2026-11-29T00:17:15.000Z INFO [payment-gateway] Transaction volume normalized tps=8500 p99_latency=120ms
2026-11-29T00:17:10.000Z INFO [api-gateway] Health check passed all_services=healthy
2026-11-29T00:10:06.000Z FATAL [auth-service] JVM crash detected OOMKilled signal=9 pod=auth-service-7f98c6 node=ip-10-0-1-42
2026-11-29T00:05:03.000Z INFO [api-gateway] GET /api/v2/checkout 200 OK duration=1200ms
2026-11-29T00:09:06.000Z ERROR [payment-gateway] Connection timeout to payment-processor host=stripe.internal port=8443 timeout=30s attempt=3/3
2026-11-29T00:16:46.000Z INFO [api-gateway] Health check passed all_services=healthy
2026-11-29T00:04:00.000Z INFO [cdn-edge] Request processed successfully req_id=75612 latency=45ms
2026-11-29T00:06:02.000Z WARN [auth-service] JWT validation cache miss rate=34% redis_conn_timeout=true
2026-11-29T00:10:41.000Z WARN [notification-service] Email queue backlog=84392 processing_rate=12/s queue_drain_eta=115min
2026-11-29T00:13:57.000Z INFO [payment-gateway] Retry successful stripe.internal reconnected after=54s
2026-11-29T00:08:47.000Z ERROR [order-service] Downstream dependency failure payment-gateway circuit_breaker=OPEN failures=47
2026-11-29T00:05:12.000Z WARN [auth-service] JWT validation cache miss rate=34% redis_conn_timeout=true
2026-11-29T00:06:00.000Z WARN [payment-gateway] Response time degraded avg_latency=850ms threshold=500ms connection_pool=89%
2026-11-29T00:09:24.000Z ERROR [payment-gateway] Connection timeout to payment-processor host=stripe.internal port=8443 timeout=30s attempt=3/3
2026-11-29T00:14:39.000Z INFO [payment-gateway] Retry successful stripe.internal reconnected after=82s
2026-11-29T00:00:12.000Z INFO [api-gateway] GET /api/v2/products 200 OK user_id=8936 duration=67ms
2026-11-29T00:07:38.000Z ERROR [order-service] Downstream dependency failure payment-gateway circuit_breaker=OPEN failures=47
2026-11-29T00:04:05.000Z INFO [notification-service] Request processed successfully req_id=23947 latency=45ms
2026-11-29T00:00:57.000Z INFO [api-gateway] GET /api/v2/products 200 OK user_id=3528 duration=67ms
2026-11-29T00:00:32.000Z INFO [api-gateway] GET /api/v2/products 200 OK user_id=9196 duration=67ms
2026-11-29T00:14:49.000Z INFO [payment-gateway] Recovery complete processing_rate=15000/min normal_operations=true
2026-11-29T00:13:33.000Z INFO [payment-gateway] Retry successful stripe.internal reconnected after=38s
2026-11-29T00:10:42.000Z FATAL [auth-service] OutOfMemoryError: Java heap space heap_used=7.9GB heap_max=8GB
2026-11-29T00:07:18.000Z INFO [api-gateway] GET /api/v2/checkout 200 OK duration=1200ms
2026-11-29T00:10:14.000Z FATAL [auth-service] OutOfMemoryError: Java heap space heap_used=7.9GB heap_max=8GB
2026-11-29T00:12:22.000Z ERROR [cdn-edge] Cache eviction storm origin_requests=450000/min origin_capacity=50000/min spillover=true
2026-11-29T00:06:22.000Z WARN [auth-service] JWT validation cache miss rate=34% redis_conn_timeout=true
2026-11-29T00:06:08.000Z INFO [api-gateway] GET /api/v2/checkout 200 OK duration=1200ms
2026-11-29T00:10:39.000Z ERROR [fraud-detector] Cannot validate transaction auth-service=DOWN skipping_fraud_check=true SECURITY_RISK
2026-11-29T00:08:12.000Z ERROR [payment-gateway] Connection timeout to payment-processor host=stripe.internal port=8443 timeout=30s attempt=3/3
2026-11-29T00:10:03.000Z ERROR [fraud-detector] Cannot validate transaction auth-service=DOWN skipping_fraud_check=true SECURITY_RISK
2026-11-29T00:05:07.000Z WARN [auth-service] JWT validation cache miss rate=34% redis_conn_timeout=true
2026-11-29T00:03:18.000Z INFO [payment-gateway] Payment authorized amount=$129.99 card_type=visa status=approved
2026-11-29T00:14:37.000Z INFO [payment-gateway] Recovery complete processing_rate=15000/min normal_operations=true
2026-11-29T00:02:28.000Z INFO [payment-gateway] Payment authorized amount=$129.99 card_type=visa status=approved
2026-11-29T00:06:15.000Z WARN [payment-gateway] Response time degraded avg_latency=850ms threshold=500ms connection_pool=89%
2026-11-29T00:06:10.000Z WARN [payment-gateway] Response time degraded avg_latency=850ms threshold=500ms connection_pool=89%
2026-11-29T00:13:27.000Z INFO [payment-gateway] Retry successful stripe.internal reconnected after=34s
2026-11-29T00:13:23.000Z INFO [auth-service] Pod restarted attempt=2 status=CrashLoopBackoff restarts=1
2026-11-29T00:07:32.000Z ERROR [payment-gateway] Payment failed debugging data: user email: john.doe@globalmart.com card: 4532-1234-5678-9012
2026-11-29T00:10:29.000Z ERROR [fraud-detector] Cannot validate transaction auth-service=DOWN skipping_fraud_check=true SECURITY_RISK
2026-11-29T00:17:11.000Z INFO [payment-gateway] Transaction volume normalized tps=8500 p99_latency=120ms
2026-11-29T00:05:53.000Z INFO [api-gateway] GET /api/v2/checkout 200 OK duration=1200ms
2026-11-29T00:06:16.000Z WARN [inventory-db] Slow query detected query_time=2.3s table=inventory_items rows_examined=4500000
2026-11-29T00:10:40.000Z FATAL [auth-service] JVM crash detected OOMKilled signal=9 pod=auth-service-7f98c6 node=ip-10-0-1-42
2026-11-29T00:07:50.000Z ERROR [order-service] Downstream dependency failure payment-gateway circuit_breaker=OPEN failures=47
2026-11-29T00:16:50.000Z INFO [api-gateway] Health check passed all_services=healthy
2026-11-29T00:13:55.000Z INFO [order-service] Circuit breaker transitioning OPEN->HALF_OPEN testing_payment_gateway=true
2026-11-29T00:08:19.000Z ERROR [inventory-db] Deadlock detected transaction_id=TX-7537 table=order_reservations waiting_for=TX-7118
2026-11-29T00:12:25.000Z ERROR [cdn-edge] Cache eviction storm origin_requests=450000/min origin_capacity=50000/min spillover=true
2026-11-29T00:00:37.000Z INFO [api-gateway] GET /api/v2/products 200 OK user_id=8929 duration=67ms
2026-11-29T00:12:04.000Z ERROR [cdn-edge] Cache eviction storm origin_requests=450000/min origin_capacity=50000/min spillover=true
2026-11-29T00:08:13.000Z ERROR [auth-service] Redis connection pool exhausted pool_size=100 waiting=847
2026-11-29T00:14:41.000Z INFO [auth-service] Service healthy replicas=3/3 memory_usage=4.1GB uptime=120s
2026-11-29T00:08:42.000Z ERROR [payment-gateway] Connection timeout to payment-processor host=stripe.internal port=8443 timeout=30s attempt=1/3
2026-11-29T00:00:55.000Z INFO [cdn-edge] Request processed successfully req_id=30379 latency=45ms
2026-11-29T00:13:43.000Z INFO [order-service] Circuit breaker transitioning OPEN->HALF_OPEN testing_payment_gateway=true
2026-11-29T00:01:28.000Z INFO [payment-gateway] Payment authorized amount=$129.99 card_type=visa status=approved
2026-11-29T00:12:34.000Z ERROR [cdn-edge] Cache eviction storm origin_requests=450000/min origin_capacity=50000/min spillover=true
2026-11-29T00:09:02.000Z ERROR [order-service] Downstream dependency failure payment-gateway circuit_breaker=OPEN failures=47
2026-11-29T00:10:08.000Z FATAL [auth-service] OutOfMemoryError: Java heap space heap_used=7.9GB heap_max=8GB
2026-11-29T00:10:36.000Z FATAL [auth-service] JVM crash detected OOMKilled signal=9 pod=auth-service-7f98c6 node=ip-10-0-1-42
2026-11-29T00:02:07.000Z INFO [api-gateway] GET /api/v2/products 200 OK user_id=2804 duration=67ms
2026-11-29T00:03:08.000Z INFO [payment-gateway] Payment authorized amount=$129.99 card_type=visa status=approved
2026-11-29T00:03:12.000Z INFO [api-gateway] GET /api/v2/products 200 OK user_id=8349 duration=67ms
2026-11-29T00:02:42.000Z INFO [api-gateway] GET /api/v2/products 200 OK user_id=8180 duration=67ms
2026-11-29T00:08:28.000Z ERROR [inventory-db] Deadlock detected transaction_id=TX-4681 table=order_reservations waiting_for=TX-2049
2026-11-29T00:01:35.000Z INFO [payment-gateway] Request processed successfully req_id=96673 latency=45ms
2026-11-29T00:14:04.000Z INFO [order-service] Circuit breaker transitioning OPEN->HALF_OPEN testing_payment_gateway=true
2026-11-29T00:05:56.000Z WARN [inventory-db] Slow query detected query_time=2.3s table=inventory_items rows_examined=4500000
2026-11-29T00:01:45.000Z INFO [auth-service] Request processed successfully req_id=59823 latency=45ms
2026-11-29T00:14:31.000Z INFO [payment-gateway] Recovery complete processing_rate=15000/min normal_operations=true
2026-11-29T00:05:31.000Z WARN [inventory-db] Slow query detected query_time=2.3s table=inventory_items rows_examined=4500000
2026-11-29T00:04:02.000Z INFO [api-gateway] GET /api/v2/products 200 OK user_id=2928 duration=67ms
2026-11-29T00:07:52.000Z ERROR [inventory-db] Deadlock detected transaction_id=TX-1949 table=order_reservations waiting_for=TX-4946
2026-11-29T00:07:49.000Z ERROR [auth-service] Redis connection pool exhausted pool_size=100 waiting=847
2026-11-29T00:00:30.000Z INFO [user-profile] Request processed successfully req_id=13478 latency=45ms
2026-11-29T00:05:17.000Z WARN [auth-service] JWT validation cache miss rate=34% redis_conn_timeout=true
2026-11-29T00:08:11.000Z ERROR [order-service] Downstream dependency failure payment-gateway circuit_breaker=OPEN failures=47
2026-11-29T00:00:27.000Z INFO [api-gateway] GET /api/v2/products 200 OK user_id=8280 duration=67ms
2026-11-29T00:00:48.000Z INFO [payment-gateway] Payment authorized amount=$129.99 card_type=visa status=approved
2026-11-29T00:14:47.000Z INFO [auth-service] Pod restarted attempt=5 status=CrashLoopBackoff restarts=29
2026-11-29T00:12:32.000Z ERROR [recommendation-engine] ML model OOM error model=collaborative-filtering memory_required=24GB available=6.2GB
2026-11-29T00:10:17.000Z WARN [notification-service] Email queue backlog=84392 processing_rate=12/s queue_drain_eta=115min
2026-11-29T00:05:51.000Z WARN [inventory-db] Slow query detected query_time=2.3s table=inventory_items rows_examined=4500000
2026-11-29T00:14:43.000Z INFO [payment-gateway] Recovery complete processing_rate=15000/min normal_operations=true
2026-11-29T00:14:10.000Z INFO [order-service] Circuit breaker transitioning OPEN->HALF_OPEN testing_payment_gateway=true
2026-11-29T00:14:29.000Z INFO [auth-service] Service healthy replicas=3/3 memory_usage=4.1GB uptime=120s
2026-11-29T00:09:22.000Z ERROR [inventory-db] Deadlock detected transaction_id=TX-2790 table=order_reservations waiting_for=TX-5073
2026-11-29T00:06:38.000Z INFO [api-gateway] GET /api/v2/checkout 200 OK duration=1200ms
2026-11-29T00:10:05.000Z WARN [notification-service] Email queue backlog=84392 processing_rate=12/s queue_drain_eta=115min
2026-11-29T00:07:42.000Z ERROR [payment-gateway] Connection timeout to payment-processor host=stripe.internal port=8443 timeout=30s attempt=2/3
2026-11-29T00:10:21.000Z WARN [notification-service] Email queue backlog=84392 processing_rate=12/s queue_drain_eta=115min
2026-11-29T00:10:05.000Z ERROR [api-gateway] auth-service unavailable returning 503 to downstream affected_requests=12847
2026-11-29T00:12:21.000Z WARN [api-gateway] Rate limit applied client_ip=192.168.1.141 requests=1500/min limit=1000/min
2026-11-29T00:07:20.000Z WARN [payment-gateway] Response time degraded avg_latency=850ms threshold=500ms connection_pool=89%
2026-11-29T00:14:46.000Z INFO [payment-gateway] Recovery complete processing_rate=15000/min normal_operations=true
2026-11-29T00:06:18.000Z INFO [api-gateway] GET /api/v2/checkout 200 OK duration=1200ms
2026-11-29T00:14:05.000Z INFO [auth-service] Pod restarted attempt=1 status=CrashLoopBackoff restarts=15
2026-11-29T00:00:18.000Z INFO [payment-gateway] Payment authorized amount=$129.99 card_type=visa status=approved
2026-11-29T00:05:46.000Z WARN [inventory-db] Slow query detected query_time=2.3s table=inventory_items rows_examined=4500000
2026-11-29T00:10:11.000Z WARN [notification-service] Email queue backlog=84392 processing_rate=12/s queue_drain_eta=115min
2026-11-29T00:03:47.000Z INFO [api-gateway] GET /api/v2/products 200 OK user_id=5574 duration=67ms
2026-11-29T00:09:01.000Z ERROR [inventory-db] Deadlock detected transaction_id=TX-8749 table=order_reservations waiting_for=TX-7669
2026-11-29T00:10:19.000Z ERROR [api-gateway] auth-service unavailable returning 503 to downstream affected_requests=12847
2026-11-29T00:13:28.000Z INFO [order-service] Circuit breaker transitioning OPEN->HALF_OPEN testing_payment_gateway=true
2026-11-29T00:02:33.000Z INFO [payment-gateway] Payment authorized amount=$129.99 card_type=visa status=approved
2026-11-29T00:10:38.000Z FATAL [auth-service] JVM crash detected OOMKilled signal=9 pod=auth-service-7f98c6 node=ip-10-0-1-42
2026-11-29T00:17:04.000Z INFO [api-gateway] Health check passed all_services=healthy
2026-11-29T00:06:45.000Z WARN [payment-gateway] Response time degraded avg_latency=850ms threshold=500ms connection_pool=89%
2026-11-29T00:13:53.000Z INFO [auth-service] Pod restarted attempt=2 status=CrashLoopBackoff restarts=11
2026-11-29T00:02:00.000Z INFO [api-gateway] Request processed successfully req_id=97841 latency=45ms
2026-11-29T00:13:47.000Z INFO [auth-service] Pod restarted attempt=5 status=CrashLoopBackoff restarts=9
2026-11-29T00:14:32.000Z INFO [auth-service] Service healthy replicas=3/3 memory_usage=4.1GB uptime=120s
2026-11-29T00:10:31.000Z ERROR [api-gateway] auth-service unavailable returning 503 to downstream affected_requests=12847
2026-11-29T00:07:37.000Z ERROR [auth-service] Redis connection pool exhausted pool_size=100 waiting=847
2026-11-29T00:07:00.000Z WARN [payment-gateway] Response time degraded avg_latency=850ms threshold=500ms connection_pool=89%
2026-11-29T00:03:25.000Z INFO [fraud-detector] Request processed successfully req_id=88172 latency=45ms
2026-11-29T00:08:50.000Z ERROR [order-service] Downstream dependency failure payment-gateway circuit_breaker=OPEN failures=47
2026-11-29T00:12:05.000Z ERROR [recommendation-engine] ML model OOM error model=collaborative-filtering memory_required=24GB available=6.2GB
2026-11-29T00:01:18.000Z INFO [payment-gateway] Payment authorized amount=$129.99 card_type=visa status=approved
2026-11-29T00:08:25.000Z ERROR [inventory-db] Deadlock detected transaction_id=TX-2982 table=order_reservations waiting_for=TX-5061
2026-11-29T00:10:10.000Z FATAL [auth-service] JVM crash detected OOMKilled signal=9 pod=auth-service-7f98c6 node=ip-10-0-1-42
2026-11-29T00:14:35.000Z INFO [auth-service] Pod restarted attempt=1 status=CrashLoopBackoff restarts=25
2026-11-29T00:12:38.000Z ERROR [recommendation-engine] ML model OOM error model=collaborative-filtering memory_required=24GB available=6.2GB
2026-11-29T00:02:13.000Z INFO [payment-gateway] Payment authorized amount=$129.99 card_type=visa status=approved
2026-11-29T00:01:22.000Z INFO [api-gateway] GET /api/v2/products 200 OK user_id=1292 duration=67ms
2026-11-29T00:08:38.000Z ERROR [order-service] Downstream dependency failure payment-gateway circuit_breaker=OPEN failures=47
2026-11-29T00:00:50.000Z INFO [inventory-db] Request processed successfully req_id=65392 latency=45ms
2026-11-29T00:16:52.000Z INFO [api-gateway] Health check passed all_services=healthy
2026-11-29T00:10:25.000Z WARN [notification-service] Email queue backlog=84392 processing_rate=12/s queue_drain_eta=115min
2026-11-29T00:10:06.000Z FATAL [auth-service] OutOfMemoryError: Java heap space heap_used=7.9GB heap_max=8GB
2026-11-29T00:08:31.000Z ERROR [inventory-db] Deadlock detected transaction_id=TX-6539 table=order_reservations waiting_for=TX-1344
2026-11-29T00:03:13.000Z INFO [payment-gateway] Payment authorized amount=$129.99 card_type=visa status=approved
2026-11-29T00:08:46.000Z ERROR [inventory-db] Deadlock detected transaction_id=TX-2160 table=order_reservations waiting_for=TX-9423
2026-11-29T00:09:08.000Z ERROR [payment-gateway] Payment failed debugging data: ssn: 123-45-6789 account: GB29NWBK60161331926819
2026-11-29T00:10:35.000Z WARN [notification-service] Email queue backlog=84392 processing_rate=12/s queue_drain_eta=115min
2026-11-29T00:14:40.000Z INFO [order-service] Circuit breaker transitioning OPEN->HALF_OPEN testing_payment_gateway=true
2026-11-29T00:14:49.000Z INFO [order-service] Circuit breaker transitioning OPEN->HALF_OPEN testing_payment_gateway=true
2026-11-29T00:07:12.000Z WARN [auth-service] JWT validation cache miss rate=34% redis_conn_timeout=true
2026-11-29T00:02:27.000Z INFO [api-gateway] GET /api/v2/products 200 OK user_id=526 duration=67ms
2026-11-29T00:14:20.000Z INFO [auth-service] Pod restarted attempt=1 status=CrashLoopBackoff restarts=20
2026-11-29T00:10:00.000Z FATAL [auth-service] JVM crash detected OOMKilled signal=9 pod=auth-service-7f98c6 node=ip-10-0-1-42
2026-11-29T00:06:41.000Z WARN [inventory-db] Slow query detected query_time=2.3s table=inventory_items rows_examined=4500000
2026-11-29T00:13:45.000Z INFO [payment-gateway] Retry successful stripe.internal reconnected after=46s
2026-11-29T00:04:07.000Z INFO [api-gateway] GET /api/v2/products 200 OK user_id=4890 duration=67ms
2026-11-29T00:09:09.000Z ERROR [payment-gateway] Connection timeout to payment-processor host=stripe.internal port=8443 timeout=30s attempt=1/3
2026-11-29T00:10:35.000Z ERROR [api-gateway] auth-service unavailable returning 503 to downstream affected_requests=12847
2026-11-29T00:10:13.000Z ERROR [api-gateway] auth-service unavailable returning 503 to downstream affected_requests=12847
2026-11-29T00:10:38.000Z FATAL [auth-service] OutOfMemoryError: Java heap space heap_used=7.9GB heap_max=8GB
2026-11-29T00:02:52.000Z INFO [api-gateway] GET /api/v2/products 200 OK user_id=2288 duration=67ms
2026-11-29T00:01:33.000Z INFO [payment-gateway] Payment authorized amount=$129.99 card_type=visa status=approved
2026-11-29T00:10:22.000Z FATAL [auth-service] OutOfMemoryError: Java heap space heap_used=7.9GB heap_max=8GB
2026-11-29T00:10:30.000Z FATAL [auth-service] OutOfMemoryError: Java heap space heap_used=7.9GB heap_max=8GB
2026-11-29T00:00:07.000Z INFO [api-gateway] GET /api/v2/products 200 OK user_id=2287 duration=67ms
2026-11-29T00:06:05.000Z WARN [payment-gateway] Response time degraded avg_latency=850ms threshold=500ms connection_pool=89%
2026-11-29T00:08:16.000Z ERROR [inventory-db] Deadlock detected transaction_id=TX-4295 table=order_reservations waiting_for=TX-6107
2026-11-29T00:13:59.000Z INFO [auth-service] Pod restarted attempt=4 status=CrashLoopBackoff restarts=13
2026-11-29T00:11:51.000Z WARN [api-gateway] Rate limit applied client_ip=192.168.1.72 requests=1500/min limit=1000/min
2026-11-29T00:13:50.000Z INFO [auth-service] Pod restarted attempt=1 status=CrashLoopBackoff restarts=10
2026-11-29T00:03:22.000Z INFO [api-gateway] GET /api/v2/products 200 OK user_id=2622 duration=67ms
2026-11-29T00:05:32.000Z WARN [auth-service] JWT validation cache miss rate=34% redis_conn_timeout=true
2026-11-29T00:10:24.000Z FATAL [auth-service] JVM crash detected OOMKilled signal=9 pod=auth-service-7f98c6 node=ip-10-0-1-42
2026-11-29T00:07:21.000Z WARN [inventory-db] Slow query detected query_time=2.3s table=inventory_items rows_examined=4500000
2026-11-29T00:06:58.000Z INFO [api-gateway] GET /api/v2/checkout 200 OK duration=1200ms
2026-11-29T00:07:28.000Z INFO [api-gateway] GET /api/v2/checkout 200 OK duration=1200ms
2026-11-29T00:02:53.000Z INFO [payment-gateway] Payment authorized amount=$129.99 card_type=visa status=approved
2026-11-29T00:05:42.000Z WARN [auth-service] JWT validation cache miss rate=34% redis_conn_timeout=true
2026-11-29T00:10:44.000Z FATAL [auth-service] JVM crash detected OOMKilled signal=9 pod=auth-service-7f98c6 node=ip-10-0-1-42
2026-11-29T00:10:09.000Z WARN [notification-service] Email queue backlog=84392 processing_rate=12/s queue_drain_eta=115min
2026-11-29T00:01:20.000Z INFO [auth-service] Request processed successfully req_id=59615 latency=45ms
2026-11-29T00:10:45.000Z ERROR [fraud-detector] Cannot validate transaction auth-service=DOWN skipping_fraud_check=true SECURITY_RISK
2026-11-29T00:14:06.000Z INFO [payment-gateway] Retry successful stripe.internal reconnected after=60s
2026-11-29T00:10:21.000Z ERROR [api-gateway] auth-service unavailable returning 503 to downstream affected_requests=12847
2026-11-29T00:14:44.000Z INFO [auth-service] Service healthy replicas=3/3 memory_usage=4.1GB uptime=120s
2026-11-29T00:16:42.000Z INFO [api-gateway] Health check passed all_services=healthy
2026-11-29T00:07:40.000Z ERROR [inventory-db] Deadlock detected transaction_id=TX-1009 table=order_reservations waiting_for=TX-6310
2026-11-29T00:10:43.000Z ERROR [api-gateway] auth-service unavailable returning 503 to downstream affected_requests=12847
2026-11-29T00:08:56.000Z ERROR [order-service] Downstream dependency failure payment-gateway circuit_breaker=OPEN failures=47
2026-11-29T00:09:25.000Z ERROR [inventory-db] Deadlock detected transaction_id=TX-4139 table=order_reservations waiting_for=TX-4116
2026-11-29T00:14:24.000Z INFO [payment-gateway] Retry successful stripe.internal reconnected after=72s
2026-11-29T00:02:25.000Z INFO [payment-gateway] Request processed successfully req_id=40021 latency=45ms
2026-11-29T00:01:50.000Z INFO [order-service] Request processed successfully req_id=93320 latency=45ms
2026-11-29T00:17:14.000Z INFO [api-gateway] Health check passed all_services=healthy
2026-11-29T00:12:26.000Z ERROR [recommendation-engine] ML model OOM error model=collaborative-filtering memory_required=24GB available=6.2GB
2026-11-29T00:08:43.000Z ERROR [inventory-db] Deadlock detected transaction_id=TX-2104 table=order_reservations waiting_for=TX-1514
2026-11-29T00:08:49.000Z ERROR [inventory-db] Deadlock detected transaction_id=TX-4899 table=order_reservations waiting_for=TX-5562
2026-11-29T00:16:44.000Z INFO [api-gateway] Health check passed all_services=healthy
2026-11-29T00:12:27.000Z WARN [api-gateway] Rate limit applied client_ip=192.168.1.13 requests=1500/min limit=1000/min
2026-11-29T00:10:23.000Z ERROR [fraud-detector] Cannot validate transaction auth-service=DOWN skipping_fraud_check=true SECURITY_RISK
2026-11-29T00:08:45.000Z ERROR [payment-gateway] Connection timeout to payment-processor host=stripe.internal port=8443 timeout=30s attempt=2/3
2026-11-29T00:08:23.000Z ERROR [order-service] Downstream dependency failure payment-gateway circuit_breaker=OPEN failures=47
2026-11-29T00:14:22.000Z INFO [order-service] Circuit breaker transitioning OPEN->HALF_OPEN testing_payment_gateway=true
2026-11-29T00:10:11.000Z ERROR [fraud-detector] Cannot validate transaction auth-service=DOWN skipping_fraud_check=true SECURITY_RISK
2026-11-29T00:14:29.000Z INFO [auth-service] Pod restarted attempt=4 status=CrashLoopBackoff restarts=23
2026-11-29T00:10:03.000Z ERROR [api-gateway] auth-service unavailable returning 503 to downstream affected_requests=12847
2026-11-29T00:08:43.000Z ERROR [auth-service] Redis connection pool exhausted pool_size=100 waiting=847
2026-11-29T00:01:13.000Z INFO [payment-gateway] Payment authorized amount=$129.99 card_type=visa status=approved
2026-11-29T00:10:29.000Z WARN [notification-service] Email queue backlog=84392 processing_rate=12/s queue_drain_eta=115min
2026-11-29T00:13:37.000Z INFO [order-service] Circuit breaker transitioning OPEN->HALF_OPEN testing_payment_gateway=true
2026-11-29T00:14:03.000Z INFO [payment-gateway] Retry successful stripe.internal reconnected after=58s
2026-11-29T00:08:52.000Z ERROR [inventory-db] Deadlock detected transaction_id=TX-8953 table=order_reservations waiting_for=TX-4510
2026-11-29T00:10:32.000Z FATAL [auth-service] OutOfMemoryError: Java heap space heap_used=7.9GB heap_max=8GB
2026-11-29T00:07:01.000Z WARN [inventory-db] Slow query detected query_time=2.3s table=inventory_items rows_examined=4500000
2026-11-29T00:03:50.000Z INFO [auth-service] Request processed successfully req_id=48469 latency=45ms
2026-11-29T00:11:52.000Z ERROR [cdn-edge] Cache eviction storm origin_requests=450000/min origin_capacity=50000/min spillover=true
2026-11-29T00:10:17.000Z ERROR [api-gateway] auth-service unavailable returning 503 to downstream affected_requests=12847
2026-11-29T00:16:53.000Z INFO [payment-gateway] Transaction volume normalized tps=8500 p99_latency=120ms
2026-11-29T00:08:09.000Z ERROR [payment-gateway] Connection timeout to payment-processor host=stripe.internal port=8443 timeout=30s attempt=2/3
2026-11-29T00:06:46.000Z WARN [inventory-db] Slow query detected query_time=2.3s table=inventory_items rows_examined=4500000
2026-11-29T00:05:43.000Z INFO [api-gateway] GET /api/v2/checkout 200 OK duration=1200ms
2026-11-29T00:06:28.000Z INFO [api-gateway] GET /api/v2/checkout 200 OK duration=1200ms
2026-11-29T00:12:14.000Z ERROR [recommendation-engine] ML model OOM error model=collaborative-filtering memory_required=24GB available=6.2GB
2026-11-29T00:16:59.000Z INFO [payment-gateway] Transaction volume normalized tps=8500 p99_latency=120ms
2026-11-29T00:10:11.000Z ERROR [api-gateway] auth-service unavailable returning 503 to downstream affected_requests=12847
2026-11-29T00:00:10.000Z INFO [auth-service] Request processed successfully req_id=98696 latency=45ms
2026-11-29T00:05:30.000Z WARN [payment-gateway] Response time degraded avg_latency=850ms threshold=500ms connection_pool=89%
2026-11-29T00:07:16.000Z WARN [inventory-db] Slow query detected query_time=2.3s table=inventory_items rows_examined=4500000
2026-11-29T00:08:14.000Z ERROR [order-service] Downstream dependency failure payment-gateway circuit_breaker=OPEN failures=47
2026-11-29T00:05:48.000Z INFO [api-gateway] GET /api/v2/checkout 200 OK duration=1200ms
2026-11-29T00:09:14.000Z ERROR [order-service] Downstream dependency failure payment-gateway circuit_breaker=OPEN failures=47
2026-11-29T00:07:31.000Z ERROR [auth-service] Redis connection pool exhausted pool_size=100 waiting=847
2026-11-29T00:05:33.000Z INFO [api-gateway] GET /api/v2/checkout 200 OK duration=1200ms
2026-11-29T00:00:35.000Z INFO [api-gateway] Request processed successfully req_id=95181 latency=45ms
2026-11-29T00:07:43.000Z ERROR [auth-service] Redis connection pool exhausted pool_size=100 waiting=847
2026-11-29T00:01:42.000Z INFO [api-gateway] GET /api/v2/products 200 OK user_id=3815 duration=67ms
2026-11-29T00:05:05.000Z WARN [payment-gateway] Response time degraded avg_latency=850ms threshold=500ms connection_pool=89%
2026-11-29T00:13:46.000Z INFO [order-service] Circuit breaker transitioning OPEN->HALF_OPEN testing_payment_gateway=true
2026-11-29T00:10:22.000Z FATAL [auth-service] JVM crash detected OOMKilled signal=9 pod=auth-service-7f98c6 node=ip-10-0-1-42
2026-11-29T00:01:03.000Z INFO [payment-gateway] Payment authorized amount=$129.99 card_type=visa status=approved
2026-11-29T00:02:48.000Z INFO [payment-gateway] Payment authorized amount=$129.99 card_type=visa status=approved
2026-11-29T00:10:31.000Z ERROR [fraud-detector] Cannot validate transaction auth-service=DOWN skipping_fraud_check=true SECURITY_RISK
2026-11-29T00:05:52.000Z WARN [auth-service] JWT validation cache miss rate=34% redis_conn_timeout=true
2026-11-29T00:17:07.000Z INFO [payment-gateway] Transaction volume normalized tps=8500 p99_latency=120ms
2026-11-29T00:14:11.000Z INFO [auth-service] Pod restarted attempt=3 status=CrashLoopBackoff restarts=17
2026-11-29T00:12:10.000Z ERROR [cdn-edge] Cache eviction storm origin_requests=450000/min origin_capacity=50000/min spillover=true
2026-11-29T00:07:49.000Z ERROR [inventory-db] Deadlock detected transaction_id=TX-6038 table=order_reservations waiting_for=TX-4923
2026-11-29T00:01:32.000Z INFO [api-gateway] GET /api/v2/products 200 OK user_id=1140 duration=67ms
2026-11-29T00:13:58.000Z INFO [order-service] Circuit breaker transitioning OPEN->HALF_OPEN testing_payment_gateway=true
2026-11-29T00:14:40.000Z INFO [payment-gateway] Recovery complete processing_rate=15000/min normal_operations=true
2026-11-29T00:09:27.000Z ERROR [payment-gateway] Connection timeout to payment-processor host=stripe.internal port=8443 timeout=30s attempt=1/3
2026-11-29T00:10:07.000Z WARN [notification-service] Email queue backlog=84392 processing_rate=12/s queue_drain_eta=115min
2026-11-29T00:07:58.000Z ERROR [auth-service] Redis connection pool exhausted pool_size=100 waiting=847
2026-11-29T00:02:22.000Z INFO [api-gateway] GET /api/v2/products 200 OK user_id=5314 duration=67ms
2026-11-29T00:05:47.000Z WARN [auth-service] JWT validation cache miss rate=34% redis_conn_timeout=true
2026-11-29T00:03:38.000Z INFO [payment-gateway] Payment authorized amount=$129.99 card_type=visa status=approved
2026-11-29T00:14:32.000Z INFO [auth-service] Pod restarted attempt=5 status=CrashLoopBackoff restarts=24
2026-11-29T00:11:48.000Z WARN [api-gateway] Rate limit applied client_ip=192.168.1.47 requests=1500/min limit=1000/min
2026-11-29T00:08:35.000Z ERROR [order-service] Downstream dependency failure payment-gateway circuit_breaker=OPEN failures=47
2026-11-29T00:16:40.000Z INFO [api-gateway] Health check passed all_services=healthy
2026-11-29T00:14:42.000Z INFO [payment-gateway] Retry successful stripe.internal reconnected after=84s
2026-11-29T00:01:47.000Z INFO [api-gateway] GET /api/v2/products 200 OK user_id=4555 duration=67ms
2026-11-29T00:10:01.000Z ERROR [fraud-detector] Cannot validate transaction auth-service=DOWN skipping_fraud_check=true SECURITY_RISK
2026-11-29T00:14:45.000Z INFO [payment-gateway] Retry successful stripe.internal reconnected after=86s
2026-11-29T00:09:23.000Z ERROR [order-service] Downstream dependency failure payment-gateway circuit_breaker=OPEN failures=47
2026-11-29T00:09:01.000Z ERROR [auth-service] Redis connection pool exhausted pool_size=100 waiting=847
2026-11-29T00:14:25.000Z INFO [payment-gateway] Recovery complete processing_rate=15000/min normal_operations=true
2026-11-29T00:10:01.000Z WARN [notification-service] Email queue backlog=84392 processing_rate=12/s queue_drain_eta=115min
2026-11-29T00:00:25.000Z INFO [api-gateway] Request processed successfully req_id=40495 latency=45ms
2026-11-29T00:00:33.000Z INFO [payment-gateway] Payment authorized amount=$129.99 card_type=visa status=approved
2026-11-29T00:00:58.000Z INFO [payment-gateway] Payment authorized amount=$129.99 card_type=visa status=approved
2026-11-29T00:08:15.000Z ERROR [payment-gateway] Connection timeout to payment-processor host=stripe.internal port=8443 timeout=30s attempt=1/3
2026-11-29T00:13:31.000Z INFO [order-service] Circuit breaker transitioning OPEN->HALF_OPEN testing_payment_gateway=true
2026-11-29T00:05:36.000Z WARN [inventory-db] Slow query detected query_time=2.3s table=inventory_items rows_examined=4500000
2026-11-29T00:00:43.000Z INFO [payment-gateway] Payment authorized amount=$129.99 card_type=visa status=approved
2026-11-29T00:09:19.000Z ERROR [inventory-db] Deadlock detected transaction_id=TX-7596 table=order_reservations waiting_for=TX-6559
2026-11-29T00:13:32.000Z INFO [auth-service] Pod restarted attempt=5 status=CrashLoopBackoff restarts=4
2026-11-29T00:10:32.000Z FATAL [auth-service] JVM crash detected OOMKilled signal=9 pod=auth-service-7f98c6 node=ip-10-0-1-42
2026-11-29T00:09:18.000Z ERROR [payment-gateway] Connection timeout to payment-processor host=stripe.internal port=8443 timeout=30s attempt=1/3
2026-11-29T00:03:35.000Z INFO [order-service] Request processed successfully req_id=79352 latency=45ms
2026-11-29T00:09:05.000Z ERROR [order-service] Downstream dependency failure payment-gateway circuit_breaker=OPEN failures=47
2026-11-29T00:03:57.000Z INFO [api-gateway] GET /api/v2/products 200 OK user_id=54 duration=67ms
2026-11-29T00:08:27.000Z ERROR [payment-gateway] Connection timeout to payment-processor host=stripe.internal port=8443 timeout=30s attempt=2/3
2026-11-29T00:10:47.000Z ERROR [api-gateway] auth-service unavailable returning 503 to downstream affected_requests=12847
2026-11-29T00:08:26.000Z ERROR [order-service] Downstream dependency failure payment-gateway circuit_breaker=OPEN failures=47
2026-11-29T00:06:42.000Z WARN [auth-service] JWT validation cache miss rate=34% redis_conn_timeout=true
2026-11-29T00:03:00.000Z INFO [cdn-edge] Request processed successfully req_id=86622 latency=45ms
2026-11-29T00:05:21.000Z WARN [inventory-db] Slow query detected query_time=2.3s table=inventory_items rows_examined=4500000
2026-11-29T00:10:27.000Z WARN [notification-service] Email queue backlog=84392 processing_rate=12/s queue_drain_eta=115min
2026-11-29T00:13:39.000Z INFO [payment-gateway] Retry successful stripe.internal reconnected after=42s
2026-11-29T00:10:15.000Z ERROR [api-gateway] auth-service unavailable returning 503 to downstream affected_requests=12847
2026-11-29T00:02:35.000Z INFO [auth-service] Request processed successfully req_id=37653 latency=45ms
2026-11-29T00:06:47.000Z WARN [auth-service] JWT validation cache miss rate=34% redis_conn_timeout=true
2026-11-29T00:14:47.000Z INFO [auth-service] Service healthy replicas=3/3 memory_usage=4.1GB uptime=120s
2026-11-29T00:06:26.000Z WARN [inventory-db] Slow query detected query_time=2.3s table=inventory_items rows_examined=4500000
2026-11-29T00:10:37.000Z ERROR [api-gateway] auth-service unavailable returning 503 to downstream affected_requests=12847
2026-11-29T00:13:20.000Z INFO [auth-service] Pod restarted attempt=1 status=CrashLoopBackoff restarts=0
2026-11-29T00:08:37.000Z ERROR [auth-service] Redis connection pool exhausted pool_size=100 waiting=847
2026-11-29T00:11:55.000Z ERROR [cdn-edge] Cache eviction storm origin_requests=450000/min origin_capacity=50000/min spillover=true
2026-11-29T00:13:56.000Z INFO [auth-service] Pod restarted attempt=3 status=CrashLoopBackoff restarts=12
2026-11-29T00:16:54.000Z INFO [api-gateway] Health check passed all_services=healthy
2026-11-29T00:10:47.000Z ERROR [fraud-detector] Cannot validate transaction auth-service=DOWN skipping_fraud_check=true SECURITY_RISK
2026-11-29T00:00:22.000Z INFO [api-gateway] GET /api/v2/products 200 OK user_id=1536 duration=67ms
2026-11-29T00:12:19.000Z ERROR [cdn-edge] Cache eviction storm origin_requests=450000/min origin_capacity=50000/min spillover=true
2026-11-29T00:08:04.000Z ERROR [auth-service] Redis connection pool exhausted pool_size=100 waiting=847
2026-11-29T00:01:48.000Z INFO [payment-gateway] Payment authorized amount=$129.99 card_type=visa status=approved
2026-11-29T00:06:51.000Z WARN [inventory-db] Slow query detected query_time=2.3s table=inventory_items rows_examined=4500000
2026-11-29T00:02:20.000Z INFO [notification-service] Request processed successfully req_id=38785 latency=45ms
2026-11-29T00:06:11.000Z WARN [inventory-db] Slow query detected query_time=2.3s table=inventory_items rows_examined=4500000
2026-11-29T00:08:25.000Z ERROR [auth-service] Redis connection pool exhausted pool_size=100 waiting=847
2026-11-29T00:08:22.000Z ERROR [inventory-db] Deadlock detected transaction_id=TX-9479 table=order_reservations waiting_for=TX-8397
2026-11-29T00:05:27.000Z WARN [auth-service] JWT validation cache miss rate=34% redis_conn_timeout=true
2026-11-29T00:08:55.000Z ERROR [inventory-db] Deadlock detected transaction_id=TX-9834 table=order_reservations waiting_for=TX-3167
2026-11-29T00:00:23.000Z INFO [payment-gateway] Payment authorized amount=$129.99 card_type=visa status=approved
2026-11-29T00:09:28.000Z ERROR [inventory-db] Deadlock detected transaction_id=TX-9786 table=order_reservations waiting_for=TX-8350
2026-11-29T00:06:31.000Z WARN [inventory-db] Slow query detected query_time=2.3s table=inventory_items rows_examined=4500000
2026-11-29T00:09:21.000Z ERROR [payment-gateway] Connection timeout to payment-processor host=stripe.internal port=8443 timeout=30s attempt=2/3
2026-11-29T00:10:04.000Z FATAL [auth-service] OutOfMemoryError: Java heap space heap_used=7.9GB heap_max=8GB
2026-11-29T00:07:03.000Z INFO [api-gateway] GET /api/v2/checkout 200 OK duration=1200ms
2026-11-29T00:10:17.000Z ERROR [fraud-detector] Cannot validate transaction auth-service=DOWN skipping_fraud_check=true SECURITY_RISK
2026-11-29T00:10:39.000Z WARN [notification-service] Email queue backlog=84392 processing_rate=12/s queue_drain_eta=115min
2026-11-29T00:07:36.000Z ERROR [payment-gateway] Connection timeout to payment-processor host=stripe.internal port=8443 timeout=30s attempt=3/3
2026-11-29T00:08:46.000Z ERROR [auth-service] Redis connection pool exhausted pool_size=100 waiting=847
2026-11-29T00:08:51.000Z ERROR [payment-gateway] Connection timeout to payment-processor host=stripe.internal port=8443 timeout=30s attempt=1/3
2026-11-29T00:07:33.000Z ERROR [payment-gateway] Connection timeout to payment-processor host=stripe.internal port=8443 timeout=30s attempt=2/3
2026-11-29T00:06:20.000Z WARN [payment-gateway] Response time degraded avg_latency=850ms threshold=500ms connection_pool=89%
2026-11-29T00:09:04.000Z ERROR [auth-service] Redis connection pool exhausted pool_size=100 waiting=847
2026-11-29T00:08:53.000Z ERROR [order-service] Downstream dependency failure payment-gateway circuit_breaker=OPEN failures=47
2026-11-29T00:13:29.000Z INFO [auth-service] Pod restarted attempt=4 status=CrashLoopBackoff restarts=3
2026-11-29T00:05:37.000Z WARN [auth-service] JWT validation cache miss rate=34% redis_conn_timeout=true
2026-11-29T00:13:41.000Z INFO [auth-service] Pod restarted attempt=3 status=CrashLoopBackoff restarts=7
2026-11-29T00:14:34.000Z INFO [order-service] Circuit breaker transitioning OPEN->HALF_OPEN testing_payment_gateway=true
2026-11-29T00:11:40.000Z ERROR [cdn-edge] Cache eviction storm origin_requests=450000/min origin_capacity=50000/min spillover=true
2026-11-29T00:16:57.000Z INFO [payment-gateway] Transaction volume normalized tps=8500 p99_latency=120ms
2026-11-29T00:13:25.000Z INFO [order-service] Circuit breaker transitioning OPEN->HALF_OPEN testing_payment_gateway=true
2026-11-29T00:00:17.000Z INFO [api-gateway] GET /api/v2/products 200 OK user_id=6913 duration=67ms
2026-11-29T00:10:16.000Z FATAL [auth-service] OutOfMemoryError: Java heap space heap_used=7.9GB heap_max=8GB
2026-11-29T00:07:51.000Z ERROR [payment-gateway] Connection timeout to payment-processor host=stripe.internal port=8443 timeout=30s attempt=2/3
2026-11-29T00:10:19.000Z ERROR [fraud-detector] Cannot validate transaction auth-service=DOWN skipping_fraud_check=true SECURITY_RISK
2026-11-29T00:06:01.000Z WARN [inventory-db] Slow query detected query_time=2.3s table=inventory_items rows_examined=4500000
2026-11-29T00:10:37.000Z WARN [notification-service] Email queue backlog=84392 processing_rate=12/s queue_drain_eta=115min
2026-11-29T00:12:33.000Z WARN [api-gateway] Rate limit applied client_ip=192.168.1.139 requests=1500/min limit=1000/min
2026-11-29T00:00:52.000Z INFO [api-gateway] GET /api/v2/products 200 OK user_id=5575 duration=67ms
2026-11-29T00:11:57.000Z WARN [api-gateway] Rate limit applied client_ip=192.168.1.64 requests=1500/min limit=1000/min
2026-11-29T00:06:50.000Z WARN [payment-gateway] Response time degraded avg_latency=850ms threshold=500ms connection_pool=89%
2026-11-29T00:07:34.000Z ERROR [auth-service] Redis connection pool exhausted pool_size=100 waiting=847
2026-11-29T00:05:23.000Z INFO [api-gateway] GET /api/v2/checkout 200 OK duration=1200ms
2026-11-29T00:13:52.000Z INFO [order-service] Circuit breaker transitioning OPEN->HALF_OPEN testing_payment_gateway=true
2026-11-29T00:10:26.000Z FATAL [auth-service] JVM crash detected OOMKilled signal=9 pod=auth-service-7f98c6 node=ip-10-0-1-42
2026-11-29T00:00:53.000Z INFO [payment-gateway] Payment authorized amount=$129.99 card_type=visa status=approved
2026-11-29T00:14:31.000Z INFO [order-service] Circuit breaker transitioning OPEN->HALF_OPEN testing_payment_gateway=true
2026-11-29T00:08:36.000Z ERROR [payment-gateway] Connection timeout to payment-processor host=stripe.internal port=8443 timeout=30s attempt=2/3
2026-11-29T00:02:10.000Z INFO [notification-service] Request processed successfully req_id=42087 latency=45ms
2026-11-29T00:08:31.000Z ERROR [auth-service] Redis connection pool exhausted pool_size=100 waiting=847
2026-11-29T00:10:23.000Z WARN [notification-service] Email queue backlog=84392 processing_rate=12/s queue_drain_eta=115min
2026-11-29T00:11:42.000Z WARN [api-gateway] Rate limit applied client_ip=192.168.1.36 requests=1500/min limit=1000/min
2026-11-29T00:13:30.000Z INFO [payment-gateway] Retry successful stripe.internal reconnected after=36s
2026-11-29T00:14:18.000Z INFO [payment-gateway] Retry successful stripe.internal reconnected after=68s
2026-11-29T00:01:08.000Z INFO [payment-gateway] Payment authorized amount=$129.99 card_type=visa status=approved
2026-11-29T00:07:34.000Z ERROR [inventory-db] Deadlock detected transaction_id=TX-7126 table=order_reservations waiting_for=TX-3646
2026-11-29T00:16:45.000Z INFO [payment-gateway] Transaction volume normalized tps=8500 p99_latency=120ms
2026-11-29T00:05:26.000Z WARN [inventory-db] Slow query detected query_time=2.3s table=inventory_items rows_examined=4500000
2026-11-29T00:03:52.000Z INFO [api-gateway] GET /api/v2/products 200 OK user_id=7124 duration=67ms
2026-11-29T00:03:20.000Z INFO [auth-service] Request processed successfully req_id=30033 latency=45ms
2026-11-29T00:04:03.000Z INFO [payment-gateway] Payment authorized amount=$129.99 card_type=visa status=approved
2026-11-29T00:08:39.000Z ERROR [payment-gateway] Connection timeout to payment-processor host=stripe.internal port=8443 timeout=30s attempt=3/3
2026-11-29T00:17:01.000Z INFO [payment-gateway] Transaction volume normalized tps=8500 p99_latency=120ms
2026-11-29T00:06:33.000Z INFO [api-gateway] GET /api/v2/checkout 200 OK duration=1200ms
2026-11-29T00:03:53.000Z INFO [payment-gateway] Payment authorized amount=$129.99 card_type=visa status=approved
2026-11-29T00:14:44.000Z INFO [auth-service] Pod restarted attempt=4 status=CrashLoopBackoff restarts=28
2026-11-29T00:08:06.000Z ERROR [payment-gateway] Connection timeout to payment-processor host=stripe.internal port=8443 timeout=30s attempt=1/3
2026-11-29T00:07:02.000Z WARN [auth-service] JWT validation cache miss rate=34% redis_conn_timeout=true
2026-11-29T00:07:25.000Z WARN [payment-gateway] Response time degraded avg_latency=850ms threshold=500ms connection_pool=89%
2026-11-29T00:10:18.000Z FATAL [auth-service] OutOfMemoryError: Java heap space heap_used=7.9GB heap_max=8GB
2026-11-29T00:08:58.000Z ERROR [auth-service] Redis connection pool exhausted pool_size=100 waiting=847
2026-11-29T00:03:55.000Z INFO [inventory-db] Request processed successfully req_id=69470 latency=45ms
2026-11-29T00:08:10.000Z ERROR [auth-service] Redis connection pool exhausted pool_size=100 waiting=847
2026-11-29T00:10:41.000Z ERROR [api-gateway] auth-service unavailable returning 503 to downstream affected_requests=12847
2026-11-29T00:03:30.000Z INFO [fraud-detector] Request processed successfully req_id=60019 latency=45ms
2026-11-29T00:10:20.000Z FATAL [auth-service] OutOfMemoryError: Java heap space heap_used=7.9GB heap_max=8GB
2026-11-29T00:03:40.000Z INFO [notification-service] Request processed successfully req_id=11504 latency=45ms
2026-11-29T00:16:43.000Z INFO [payment-gateway] Transaction volume normalized tps=8500 p99_latency=120ms
2026-11-29T00:10:29.000Z ERROR [api-gateway] auth-service unavailable returning 503 to downstream affected_requests=12847
2026-11-29T00:10:47.000Z WARN [notification-service] Email queue backlog=84392 processing_rate=12/s queue_drain_eta=115min
2026-11-29T00:08:49.000Z ERROR [auth-service] Redis connection pool exhausted pool_size=100 waiting=847
2026-11-29T00:02:15.000Z INFO [order-service] Request processed successfully req_id=59735 latency=45ms
2026-11-29T00:12:07.000Z ERROR [cdn-edge] Cache eviction storm origin_requests=450000/min origin_capacity=50000/min spillover=true
2026-11-29T00:07:37.000Z ERROR [inventory-db] Deadlock detected transaction_id=TX-9837 table=order_reservations waiting_for=TX-9689
2026-11-29T00:09:22.000Z ERROR [auth-service] Redis connection pool exhausted pool_size=100 waiting=847
2026-11-29T00:11:43.000Z ERROR [cdn-edge] Cache eviction storm origin_requests=450000/min origin_capacity=50000/min spillover=true
2026-11-29T00:07:15.000Z WARN [payment-gateway] Response time degraded avg_latency=850ms threshold=500ms connection_pool=89%
2026-11-29T00:08:41.000Z ERROR [order-service] Downstream dependency failure payment-gateway circuit_breaker=OPEN failures=47
2026-11-29T00:09:16.000Z ERROR [auth-service] Redis connection pool exhausted pool_size=100 waiting=847
2026-11-29T00:08:01.000Z ERROR [inventory-db] Deadlock detected transaction_id=TX-9727 table=order_reservations waiting_for=TX-3060
2026-11-29T00:06:35.000Z WARN [payment-gateway] Response time degraded avg_latency=850ms threshold=500ms connection_pool=89%
2026-11-29T00:10:08.000Z FATAL [auth-service] JVM crash detected OOMKilled signal=9 pod=auth-service-7f98c6 node=ip-10-0-1-42
2026-11-29T00:08:54.000Z ERROR [payment-gateway] Connection timeout to payment-processor host=stripe.internal port=8443 timeout=30s attempt=2/3
2026-11-29T00:05:15.000Z WARN [payment-gateway] Response time degraded avg_latency=850ms threshold=500ms connection_pool=89%
2026-11-29T00:07:55.000Z ERROR [inventory-db] Deadlock detected transaction_id=TX-2290 table=order_reservations waiting_for=TX-2403
2026-11-29T00:07:41.000Z ERROR [order-service] Downstream dependency failure payment-gateway circuit_breaker=OPEN failures=47
2026-11-29T00:11:50.000Z ERROR [recommendation-engine] ML model OOM error model=collaborative-filtering memory_required=24GB available=6.2GB
2026-11-29T00:13:40.000Z INFO [order-service] Circuit breaker transitioning OPEN->HALF_OPEN testing_payment_gateway=true
2026-11-29T00:10:15.000Z ERROR [fraud-detector] Cannot validate transaction auth-service=DOWN skipping_fraud_check=true SECURITY_RISK
2026-11-29T00:17:12.000Z INFO [api-gateway] Health check passed all_services=healthy
2026-11-29T00:01:53.000Z INFO [payment-gateway] Payment authorized amount=$129.99 card_type=visa status=approved
2026-11-29T00:10:27.000Z ERROR [api-gateway] auth-service unavailable returning 503 to downstream affected_requests=12847
2026-11-29T00:16:49.000Z INFO [payment-gateway] Transaction volume normalized tps=8500 p99_latency=120ms
2026-11-29T00:09:29.000Z ERROR [order-service] Downstream dependency failure payment-gateway circuit_breaker=OPEN failures=47
2026-11-29T00:14:27.000Z INFO [payment-gateway] Retry successful stripe.internal reconnected after=74s
2026-11-29T00:10:45.000Z ERROR [api-gateway] auth-service unavailable returning 503 to downstream affected_requests=12847
2026-11-29T00:12:00.000Z WARN [api-gateway] Rate limit applied client_ip=192.168.1.224 requests=1500/min limit=1000/min
2026-11-29T00:10:30.000Z FATAL [auth-service] JVM crash detected OOMKilled signal=9 pod=auth-service-7f98c6 node=ip-10-0-1-42
2026-11-29T00:06:48.000Z INFO [api-gateway] GET /api/v2/checkout 200 OK duration=1200ms
2026-11-29T00:07:23.000Z INFO [api-gateway] GET /api/v2/checkout 200 OK duration=1200ms
2026-11-29T00:10:24.000Z FATAL [auth-service] OutOfMemoryError: Java heap space heap_used=7.9GB heap_max=8GB
2026-11-29T00:09:12.000Z ERROR [payment-gateway] Connection timeout to payment-processor host=stripe.internal port=8443 timeout=30s attempt=2/3
2026-11-29T00:02:30.000Z INFO [recommendation-engine] Request processed successfully req_id=62581 latency=45ms
2026-11-29T00:03:07.000Z INFO [api-gateway] GET /api/v2/products 200 OK user_id=5931 duration=67ms
2026-11-29T00:06:23.000Z INFO [api-gateway] GET /api/v2/checkout 200 OK duration=1200ms
2026-11-29T00:09:03.000Z ERROR [payment-gateway] Connection timeout to payment-processor host=stripe.internal port=8443 timeout=30s attempt=2/3
2026-11-29T00:01:30.000Z INFO [user-profile] Request processed successfully req_id=35203 latency=45ms
2026-11-29T00:13:48.000Z INFO [payment-gateway] Retry successful stripe.internal reconnected after=48s
2026-11-29T00:11:41.000Z ERROR [recommendation-engine] ML model OOM error model=collaborative-filtering memory_required=24GB available=6.2GB
2026-11-29T00:10:37.000Z ERROR [fraud-detector] Cannot validate transaction auth-service=DOWN skipping_fraud_check=true SECURITY_RISK
2026-11-29T00:08:52.000Z ERROR [auth-service] Redis connection pool exhausted pool_size=100 waiting=847
2026-11-29T00:10:09.000Z ERROR [api-gateway] auth-service unavailable returning 503 to downstream affected_requests=12847
2026-11-29T00:17:08.000Z INFO [api-gateway] Health check passed all_services=healthy
2026-11-29T00:08:29.000Z ERROR [order-service] Downstream dependency failure payment-gateway circuit_breaker=OPEN failures=47
2026-11-29T00:08:17.000Z ERROR [order-service] Downstream dependency failure payment-gateway circuit_breaker=OPEN failures=47
2026-11-29T00:14:35.000Z INFO [auth-service] Service healthy replicas=3/3 memory_usage=4.1GB uptime=120s
2026-11-29T00:03:27.000Z INFO [api-gateway] GET /api/v2/products 200 OK user_id=1041 duration=67ms
2026-11-29T00:14:43.000Z INFO [order-service] Circuit breaker transitioning OPEN->HALF_OPEN testing_payment_gateway=true
2026-11-29T00:07:08.000Z INFO [api-gateway] GET /api/v2/checkout 200 OK duration=1200ms
2026-11-29T00:10:41.000Z ERROR [fraud-detector] Cannot validate transaction auth-service=DOWN skipping_fraud_check=true SECURITY_RISK
2026-11-29T00:08:32.000Z ERROR [order-service] Downstream dependency failure payment-gateway circuit_breaker=OPEN failures=47
2026-11-29T00:08:40.000Z ERROR [auth-service] Redis connection pool exhausted pool_size=100 waiting=847
2026-11-29T00:02:45.000Z INFO [fraud-detector] Request processed successfully req_id=94259 latency=45ms
2026-11-29T00:07:47.000Z ERROR [order-service] Downstream dependency failure payment-gateway circuit_breaker=OPEN failures=47
2026-11-29T00:08:07.000Z ERROR [auth-service] Redis connection pool exhausted pool_size=100 waiting=847
2026-11-29T00:10:07.000Z ERROR [fraud-detector] Cannot validate transaction auth-service=DOWN skipping_fraud_check=true SECURITY_RISK
2026-11-29T00:06:17.000Z WARN [auth-service] JWT validation cache miss rate=34% redis_conn_timeout=true
2026-11-29T00:12:08.000Z ERROR [recommendation-engine] ML model OOM error model=collaborative-filtering memory_required=24GB available=6.2GB
2026-11-29T00:01:02.000Z INFO [api-gateway] GET /api/v2/products 200 OK user_id=1520 duration=67ms
2026-11-29T00:08:59.000Z ERROR [order-service] Downstream dependency failure payment-gateway circuit_breaker=OPEN failures=47
2026-11-29T00:10:00.000Z FATAL [auth-service] OutOfMemoryError: Java heap space heap_used=7.9GB heap_max=8GB
2026-11-29T00:12:09.000Z WARN [api-gateway] Rate limit applied client_ip=192.168.1.114 requests=1500/min limit=1000/min
2026-11-29T00:06:56.000Z WARN [inventory-db] Slow query detected query_time=2.3s table=inventory_items rows_examined=4500000
2026-11-29T00:10:27.000Z ERROR [fraud-detector] Cannot validate transaction auth-service=DOWN skipping_fraud_check=true SECURITY_RISK
2026-11-29T00:03:28.000Z INFO [payment-gateway] Payment authorized amount=$129.99 card_type=visa status=approved
2026-11-29T00:00:38.000Z INFO [payment-gateway] Payment authorized amount=$129.99 card_type=visa status=approved
2026-11-29T00:12:24.000Z WARN [api-gateway] Rate limit applied client_ip=192.168.1.26 requests=1500/min limit=1000/min
2026-11-29T00:05:00.000Z WARN [payment-gateway] Response time degraded avg_latency=850ms threshold=500ms connection_pool=89%
2026-11-29T00:06:06.000Z WARN [inventory-db] Slow query detected query_time=2.3s table=inventory_items rows_examined=4500000
2026-11-29T00:06:40.000Z WARN [payment-gateway] Response time degraded avg_latency=850ms threshold=500ms connection_pool=89%
2026-11-29T00:08:04.000Z ERROR [inventory-db] Deadlock detected transaction_id=TX-3103 table=order_reservations waiting_for=TX-8787
2026-11-29T00:14:46.000Z INFO [order-service] Circuit breaker transitioning OPEN->HALF_OPEN testing_payment_gateway=true
2026-11-29T00:17:19.000Z INFO [payment-gateway] Transaction volume normalized tps=8500 p99_latency=120ms
2026-11-29T00:08:22.000Z ERROR [auth-service] Redis connection pool exhausted pool_size=100 waiting=847
2026-11-29T00:07:44.000Z ERROR [order-service] Downstream dependency failure payment-gateway circuit_breaker=OPEN failures=47
2026-11-29T00:02:23.000Z INFO [payment-gateway] Payment authorized amount=$129.99 card_type=visa status=approved
2026-11-29T00:05:28.000Z INFO [api-gateway] GET /api/v2/checkout 200 OK duration=1200ms
2026-11-29T00:10:19.000Z WARN [notification-service] Email queue backlog=84392 processing_rate=12/s queue_drain_eta=115min
2026-11-29T00:14:23.000Z INFO [auth-service] Pod restarted attempt=2 status=CrashLoopBackoff restarts=21
2026-11-29T00:10:36.000Z FATAL [auth-service] OutOfMemoryError: Java heap space heap_used=7.9GB heap_max=8GB
2026-11-29T00:14:26.000Z INFO [auth-service] Pod restarted attempt=3 status=CrashLoopBackoff restarts=22
2026-11-29T00:10:16.000Z FATAL [auth-service] JVM crash detected OOMKilled signal=9 pod=auth-service-7f98c6 node=ip-10-0-1-42
2026-11-29T00:08:13.000Z ERROR [inventory-db] Deadlock detected transaction_id=TX-4470 table=order_reservations waiting_for=TX-9835
2026-11-29T00:13:22.000Z INFO [order-service] Circuit breaker transitioning OPEN->HALF_OPEN testing_payment_gateway=true
2026-11-29T00:12:35.000Z ERROR [recommendation-engine] ML model OOM error model=collaborative-filtering memory_required=24GB available=6.2GB
2026-11-29T00:07:46.000Z ERROR [auth-service] Redis connection pool exhausted pool_size=100 waiting=847
2026-11-29T00:07:59.000Z ERROR [order-service] Downstream dependency failure payment-gateway circuit_breaker=OPEN failures=47
2026-11-29T00:00:00.000Z INFO [auth-service] Request processed successfully req_id=13278 latency=45ms
2026-11-29T00:09:15.000Z ERROR [payment-gateway] Connection timeout to payment-processor host=stripe.internal port=8443 timeout=30s attempt=3/3
2026-11-29T00:07:57.000Z ERROR [payment-gateway] Connection timeout to payment-processor host=stripe.internal port=8443 timeout=30s attempt=1/3
2026-11-29T00:05:35.000Z WARN [payment-gateway] Response time degraded avg_latency=850ms threshold=500ms connection_pool=89%
2026-11-29T00:17:09.000Z INFO [payment-gateway] Transaction volume normalized tps=8500 p99_latency=120ms
2026-11-29T00:09:26.000Z ERROR [order-service] Downstream dependency failure payment-gateway circuit_breaker=OPEN failures=47
2026-11-29T00:05:57.000Z WARN [auth-service] JWT validation cache miss rate=34% redis_conn_timeout=true
2026-11-29T00:13:21.000Z INFO [payment-gateway] Retry successful stripe.internal reconnected after=30s
2026-11-29T00:07:53.000Z ERROR [order-service] Downstream dependency failure payment-gateway circuit_breaker=OPEN failures=47
2026-11-29T00:09:13.000Z ERROR [inventory-db] Deadlock detected transaction_id=TX-8651 table=order_reservations waiting_for=TX-1887
2026-11-29T00:08:16.000Z ERROR [auth-service] Redis connection pool exhausted pool_size=100 waiting=847
2026-11-29T00:09:17.000Z ERROR [order-service] Downstream dependency failure payment-gateway circuit_breaker=OPEN failures=47
2026-11-29T00:08:03.000Z ERROR [payment-gateway] Connection timeout to payment-processor host=stripe.internal port=8443 timeout=30s attempt=3/3
2026-11-29T00:10:33.000Z WARN [notification-service] Email queue backlog=84392 processing_rate=12/s queue_drain_eta=115min
2026-11-29T00:14:30.000Z INFO [payment-gateway] Retry successful stripe.internal reconnected after=76s
2026-11-29T00:03:32.000Z INFO [api-gateway] GET /api/v2/products 200 OK user_id=9764 duration=67ms
2026-11-29T00:13:24.000Z INFO [payment-gateway] Retry successful stripe.internal reconnected after=32s
2026-11-29T00:08:19.000Z ERROR [auth-service] Redis connection pool exhausted pool_size=100 waiting=847
2026-11-29T00:12:01.000Z ERROR [cdn-edge] Cache eviction storm origin_requests=450000/min origin_capacity=50000/min spillover=true
2026-11-29T00:10:02.000Z FATAL [auth-service] JVM crash detected OOMKilled signal=9 pod=auth-service-7f98c6 node=ip-10-0-1-42
2026-11-29T00:08:44.000Z ERROR [order-service] Downstream dependency failure payment-gateway circuit_breaker=OPEN failures=47
2026-11-29T00:06:03.000Z INFO [api-gateway] GET /api/v2/checkout 200 OK duration=1200ms
2026-11-29T00:10:46.000Z FATAL [auth-service] JVM crash detected OOMKilled signal=9 pod=auth-service-7f98c6 node=ip-10-0-1-42
2026-11-29T00:10:39.000Z ERROR [api-gateway] auth-service unavailable returning 503 to downstream affected_requests=12847
2026-11-29T00:00:02.000Z INFO [api-gateway] GET /api/v2/products 200 OK user_id=4507 duration=67ms
2026-11-29T00:13:35.000Z INFO [auth-service] Pod restarted attempt=1 status=CrashLoopBackoff restarts=5
2026-11-29T00:13:42.000Z INFO [payment-gateway] Retry successful stripe.internal reconnected after=44s
2026-11-29T00:07:17.000Z WARN [auth-service] JWT validation cache miss rate=34% redis_conn_timeout=true
2026-11-29T00:16:55.000Z INFO [payment-gateway] Transaction volume normalized tps=8500 p99_latency=120ms
2026-11-29T00:09:00.000Z ERROR [payment-gateway] Connection timeout to payment-processor host=stripe.internal port=8443 timeout=30s attempt=1/3
2026-11-29T00:12:31.000Z ERROR [cdn-edge] Cache eviction storm origin_requests=450000/min origin_capacity=50000/min spillover=true
2026-11-29T00:10:35.000Z ERROR [fraud-detector] Cannot validate transaction auth-service=DOWN skipping_fraud_check=true SECURITY_RISK
2026-11-29T00:10:04.000Z FATAL [auth-service] JVM crash detected OOMKilled signal=9 pod=auth-service-7f98c6 node=ip-10-0-1-42
2026-11-29T00:14:34.000Z INFO [payment-gateway] Recovery complete processing_rate=15000/min normal_operations=true
2026-11-29T00:08:30.000Z ERROR [payment-gateway] Connection timeout to payment-processor host=stripe.internal port=8443 timeout=30s attempt=3/3
2026-11-29T00:10:03.000Z WARN [notification-service] Email queue backlog=84392 processing_rate=12/s queue_drain_eta=115min
2026-11-29T00:03:05.000Z INFO [user-profile] Request processed successfully req_id=62350 latency=45ms
2026-11-29T00:12:15.000Z WARN [api-gateway] Rate limit applied client_ip=192.168.1.221 requests=1500/min limit=1000/min
2026-11-29T00:14:21.000Z INFO [payment-gateway] Retry successful stripe.internal reconnected after=70s
2026-11-29T00:05:40.000Z WARN [payment-gateway] Response time degraded avg_latency=850ms threshold=500ms connection_pool=89%
2026-11-29T00:14:36.000Z INFO [payment-gateway] Retry successful stripe.internal reconnected after=80s
2026-11-29T00:14:01.000Z INFO [order-service] Circuit breaker transitioning OPEN->HALF_OPEN testing_payment_gateway=true
2026-11-29T00:00:47.000Z INFO [api-gateway] GET /api/v2/products 200 OK user_id=107 duration=67ms
2026-11-29T00:08:20.000Z ERROR [order-service] Downstream dependency failure payment-gateway circuit_breaker=OPEN failures=47
2026-11-29T00:10:45.000Z WARN [notification-service] Email queue backlog=84392 processing_rate=12/s queue_drain_eta=115min
2026-11-29T00:09:10.000Z ERROR [auth-service] Redis connection pool exhausted pool_size=100 waiting=847
2026-11-29T00:10:34.000Z FATAL [auth-service] JVM crash detected OOMKilled signal=9 pod=auth-service-7f98c6 node=ip-10-0-1-42
2026-11-29T00:08:34.000Z ERROR [auth-service] Redis connection pool exhausted pool_size=100 waiting=847
2026-11-29T00:12:02.000Z ERROR [recommendation-engine] ML model OOM error model=collaborative-filtering memory_required=24GB available=6.2GB
2026-11-29T00:01:58.000Z INFO [payment-gateway] Payment authorized amount=$129.99 card_type=visa status=approved
2026-11-29T00:07:40.000Z ERROR [auth-service] Redis connection pool exhausted pool_size=100 waiting=847
2026-11-29T00:08:18.000Z ERROR [payment-gateway] Connection timeout to payment-processor host=stripe.internal port=8443 timeout=30s attempt=2/3
2026-11-29T00:09:10.000Z ERROR [inventory-db] Deadlock detected transaction_id=TX-7939 table=order_reservations waiting_for=TX-7735
2026-11-29T00:05:58.000Z INFO [api-gateway] GET /api/v2/checkout 200 OK duration=1200ms
2026-11-29T00:00:40.000Z INFO [fraud-detector] Request processed successfully req_id=38893 latency=45ms
2026-11-29T00:06:37.000Z WARN [auth-service] JWT validation cache miss rate=34% redis_conn_timeout=true
2026-11-29T00:06:43.000Z INFO [api-gateway] GET /api/v2/checkout 200 OK duration=1200ms
2026-11-29T00:08:00.000Z ERROR [payment-gateway] Connection timeout to payment-processor host=stripe.internal port=8443 timeout=30s attempt=2/3
2026-11-29T00:08:34.000Z ERROR [inventory-db] Deadlock detected transaction_id=TX-4770 table=order_reservations waiting_for=TX-4608
2026-11-29T00:10:14.000Z FATAL [auth-service] JVM crash detected OOMKilled signal=9 pod=auth-service-7f98c6 node=ip-10-0-1-42
2026-11-29T00:06:07.000Z WARN [auth-service] JWT validation cache miss rate=34% redis_conn_timeout=true
2026-11-29T00:06:36.000Z WARN [inventory-db] Slow query detected query_time=2.3s table=inventory_items rows_examined=4500000
2026-11-29T00:10:18.000Z FATAL [auth-service] JVM crash detected OOMKilled signal=9 pod=auth-service-7f98c6 node=ip-10-0-1-42
2026-11-29T00:01:05.000Z INFO [fraud-detector] Request processed successfully req_id=22676 latency=45ms
2026-11-29T00:08:58.000Z ERROR [inventory-db] Deadlock detected transaction_id=TX-8744 table=order_reservations waiting_for=TX-4981
2026-11-29T00:03:03.000Z INFO [payment-gateway] Payment authorized amount=$129.99 card_type=visa status=approved
2026-11-29T00:05:16.000Z WARN [inventory-db] Slow query detected query_time=2.3s table=inventory_items rows_examined=4500000
2026-11-29T00:07:32.000Z ERROR [order-service] Downstream dependency failure payment-gateway circuit_breaker=OPEN failures=47
2026-11-29T00:07:10.000Z WARN [payment-gateway] Response time degraded avg_latency=850ms threshold=500ms connection_pool=89%
2026-11-29T00:09:19.000Z ERROR [auth-service] Redis connection pool exhausted pool_size=100 waiting=847
2026-11-29T00:08:20.000Z ERROR [payment-gateway] Payment failed debugging data: ssn: 123-45-6789 account: GB29NWBK60161331926819
2026-11-29T00:05:41.000Z WARN [inventory-db] Slow query detected query_time=2.3s table=inventory_items rows_examined=4500000
2026-11-29T00:00:42.000Z INFO [api-gateway] GET /api/v2/products 200 OK user_id=7360 duration=67ms
2026-11-29T00:09:20.000Z ERROR [order-service] Downstream dependency failure payment-gateway circuit_breaker=OPEN failures=47
2026-11-29T00:05:38.000Z INFO [api-gateway] GET /api/v2/checkout 200 OK duration=1200ms
2026-11-29T00:05:20.000Z WARN [payment-gateway] Response time degraded avg_latency=850ms threshold=500ms connection_pool=89%
2026-11-29T00:17:18.000Z INFO [api-gateway] Health check passed all_services=healthy
2026-11-29T00:16:56.000Z INFO [api-gateway] Health check passed all_services=healthy
2026-11-29T00:17:16.000Z INFO [api-gateway] Health check passed all_services=healthy
2026-11-29T00:11:53.000Z ERROR [recommendation-engine] ML model OOM error model=collaborative-filtering memory_required=24GB available=6.2GB
2026-11-29T00:08:37.000Z ERROR [inventory-db] Deadlock detected transaction_id=TX-1117 table=order_reservations waiting_for=TX-2163
2026-11-29T00:02:55.000Z INFO [api-gateway] Request processed successfully req_id=83579 latency=45ms
2026-11-29T00:07:11.000Z WARN [inventory-db] Slow query detected query_time=2.3s table=inventory_items rows_examined=4500000
2026-11-29T00:13:54.000Z INFO [payment-gateway] Retry successful stripe.internal reconnected after=52s
2026-11-29T00:08:40.000Z ERROR [inventory-db] Deadlock detected transaction_id=TX-1964 table=order_reservations waiting_for=TX-4750
2026-11-29T00:17:02.000Z INFO [api-gateway] Health check passed all_services=healthy
2026-11-29T00:08:44.000Z ERROR [payment-gateway] Payment failed debugging data: ssn: 123-45-6789 account: GB29NWBK60161331926819
2026-11-29T00:08:02.000Z ERROR [order-service] Downstream dependency failure payment-gateway circuit_breaker=OPEN failures=47
2026-11-29T00:01:10.000Z INFO [recommendation-engine] Request processed successfully req_id=89131 latency=45ms
2026-11-29T00:03:37.000Z INFO [api-gateway] GET /api/v2/products 200 OK user_id=4120 duration=67ms
2026-11-29T00:10:02.000Z FATAL [auth-service] OutOfMemoryError: Java heap space heap_used=7.9GB heap_max=8GB
2026-11-29T00:05:01.000Z WARN [inventory-db] Slow query detected query_time=2.3s table=inventory_items rows_examined=4500000
2026-11-29T00:11:45.000Z WARN [api-gateway] Rate limit applied client_ip=192.168.1.109 requests=1500/min limit=1000/min
2026-11-29T00:12:16.000Z ERROR [cdn-edge] Cache eviction storm origin_requests=450000/min origin_capacity=50000/min spillover=true
2026-11-29T00:14:16.000Z INFO [order-service] Circuit breaker transitioning OPEN->HALF_OPEN testing_payment_gateway=true
2026-11-29T00:01:00.000Z INFO [recommendation-engine] Request processed successfully req_id=23396 latency=45ms
2026-11-29T00:10:49.000Z ERROR [fraud-detector] Cannot validate transaction auth-service=DOWN skipping_fraud_check=true SECURITY_RISK
2026-11-29T00:05:02.000Z WARN [auth-service] JWT validation cache miss rate=34% redis_conn_timeout=true
2026-11-29T00:02:08.000Z INFO [payment-gateway] Payment authorized amount=$129.99 card_type=visa status=approved
2026-11-29T00:03:10.000Z INFO [api-gateway] Request processed successfully req_id=28131 latency=45ms
2026-11-29T00:14:28.000Z INFO [order-service] Circuit breaker transitioning OPEN->HALF_OPEN testing_payment_gateway=true
2026-11-29T00:11:54.000Z WARN [api-gateway] Rate limit applied client_ip=192.168.1.119 requests=1500/min limit=1000/min
2026-11-29T00:10:01.000Z ERROR [api-gateway] auth-service unavailable returning 503 to downstream affected_requests=12847
2026-11-29T00:11:44.000Z ERROR [recommendation-engine] ML model OOM error model=collaborative-filtering memory_required=24GB available=6.2GB
2026-11-29T00:10:07.000Z ERROR [api-gateway] auth-service unavailable returning 503 to downstream affected_requests=12847
2026-11-29T00:05:18.000Z INFO [api-gateway] GET /api/v2/checkout 200 OK duration=1200ms
2026-11-29T00:07:27.000Z WARN [auth-service] JWT validation cache miss rate=34% redis_conn_timeout=true
2026-11-29T00:03:42.000Z INFO [api-gateway] GET /api/v2/products 200 OK user_id=1877 duration=67ms
2026-11-29T00:08:21.000Z ERROR [payment-gateway] Connection timeout to payment-processor host=stripe.internal port=8443 timeout=30s attempt=3/3
2026-11-29T00:00:05.000Z INFO [api-gateway] Request processed successfully req_id=39256 latency=45ms
2026-11-29T00:01:15.000Z INFO [payment-gateway] Request processed successfully req_id=70217 latency=45ms
2026-11-29T00:07:39.000Z ERROR [payment-gateway] Connection timeout to payment-processor host=stripe.internal port=8443 timeout=30s attempt=1/3
2026-11-29T00:17:03.000Z INFO [payment-gateway] Transaction volume normalized tps=8500 p99_latency=120ms
2026-11-29T00:02:37.000Z INFO [api-gateway] GET /api/v2/products 200 OK user_id=9293 duration=67ms
2026-11-29T00:01:27.000Z INFO [api-gateway] GET /api/v2/products 200 OK user_id=5926 duration=67ms
2026-11-29T00:07:13.000Z INFO [api-gateway] GET /api/v2/checkout 200 OK duration=1200ms
2026-11-29T00:10:26.000Z FATAL [auth-service] OutOfMemoryError: Java heap space heap_used=7.9GB heap_max=8GB
2026-11-29T00:10:33.000Z ERROR [api-gateway] auth-service unavailable returning 503 to downstream affected_requests=12847
2026-11-29T00:14:02.000Z INFO [auth-service] Pod restarted attempt=5 status=CrashLoopBackoff restarts=14
2026-11-29T00:13:49.000Z INFO [order-service] Circuit breaker transitioning OPEN->HALF_OPEN testing_payment_gateway=true
2026-11-29T00:06:12.000Z WARN [auth-service] JWT validation cache miss rate=34% redis_conn_timeout=true
2026-11-29T00:08:28.000Z ERROR [auth-service] Redis connection pool exhausted pool_size=100 waiting=847
2026-11-29T00:06:21.000Z WARN [inventory-db] Slow query detected query_time=2.3s table=inventory_items rows_examined=4500000
2026-11-29T00:12:39.000Z WARN [api-gateway] Rate limit applied client_ip=192.168.1.4 requests=1500/min limit=1000/min
2026-11-29T00:07:43.000Z ERROR [inventory-db] Deadlock detected transaction_id=TX-9005 table=order_reservations waiting_for=TX-1319
2026-11-29T00:07:35.000Z ERROR [order-service] Downstream dependency failure payment-gateway circuit_breaker=OPEN failures=47
2026-11-29T00:05:11.000Z WARN [inventory-db] Slow query detected query_time=2.3s table=inventory_items rows_examined=4500000
2026-11-29T00:11:46.000Z ERROR [cdn-edge] Cache eviction storm origin_requests=450000/min origin_capacity=50000/min spillover=true
2026-11-29T00:03:02.000Z INFO [api-gateway] GET /api/v2/products 200 OK user_id=7020 duration=67ms
2026-11-29T00:03:17.000Z INFO [api-gateway] GET /api/v2/products 200 OK user_id=772 duration=67ms
2026-11-29T00:07:30.000Z ERROR [payment-gateway] Connection timeout to payment-processor host=stripe.internal port=8443 timeout=30s attempt=1/3
2026-11-29T00:03:48.000Z INFO [payment-gateway] Payment authorized amount=$129.99 card_type=visa status=approved
2026-11-29T00:02:57.000Z INFO [api-gateway] GET /api/v2/products 200 OK user_id=8831 duration=67ms
2026-11-29T00:07:56.000Z ERROR [order-service] Downstream dependency failure payment-gateway circuit_breaker=OPEN failures=47
2026-11-29T00:11:47.000Z ERROR [recommendation-engine] ML model OOM error model=collaborative-filtering memory_required=24GB available=6.2GB
2026-11-29T00:00:13.000Z INFO [payment-gateway] Payment authorized amount=$129.99 card_type=visa status=approved
2026-11-29T00:10:42.000Z FATAL [auth-service] JVM crash detected OOMKilled signal=9 pod=auth-service-7f98c6 node=ip-10-0-1-42
2026-11-29T00:14:09.000Z INFO [payment-gateway] Retry successful stripe.internal reconnected after=62s
2026-11-29T00:13:26.000Z INFO [auth-service] Pod restarted attempt=3 status=CrashLoopBackoff restarts=2
2026-11-29T00:07:58.000Z ERROR [inventory-db] Deadlock detected transaction_id=TX-8962 table=order_reservations waiting_for=TX-2133
2026-11-29T00:10:48.000Z FATAL [auth-service] JVM crash detected OOMKilled signal=9 pod=auth-service-7f98c6 node=ip-10-0-1-42
2026-11-29T00:10:05.000Z ERROR [fraud-detector] Cannot validate transaction auth-service=DOWN skipping_fraud_check=true SECURITY_RISK
2026-11-29T00:16:41.000Z INFO [payment-gateway] Transaction volume normalized tps=8500 p99_latency=120ms
2026-11-29T00:07:45.000Z ERROR [payment-gateway] Connection timeout to payment-processor host=stripe.internal port=8443 timeout=30s attempt=3/3
2026-11-29T00:08:48.000Z ERROR [payment-gateway] Connection timeout to payment-processor host=stripe.internal port=8443 timeout=30s attempt=3/3
2026-11-29T00:07:05.000Z WARN [payment-gateway] Response time degraded avg_latency=850ms threshold=500ms connection_pool=89%
2026-11-29T00:14:48.000Z INFO [payment-gateway] Retry successful stripe.internal reconnected after=88s
2026-11-29T00:08:33.000Z ERROR [payment-gateway] Connection timeout to payment-processor host=stripe.internal port=8443 timeout=30s attempt=1/3
2026-11-29T00:03:45.000Z INFO [notification-service] Request processed successfully req_id=44973 latency=45ms
2026-11-29T00:14:33.000Z INFO [payment-gateway] Retry successful stripe.internal reconnected after=78s
2026-11-29T00:10:33.000Z ERROR [fraud-detector] Cannot validate transaction auth-service=DOWN skipping_fraud_check=true SECURITY_RISK
2026-11-29T00:17:13.000Z INFO [payment-gateway] Transaction volume normalized tps=8500 p99_latency=120ms
2026-11-29T00:10:46.000Z FATAL [auth-service] OutOfMemoryError: Java heap space heap_used=7.9GB heap_max=8GB
2026-11-29T00:02:05.000Z INFO [auth-service] Request processed successfully req_id=89840 latency=45ms
2026-11-29T00:02:50.000Z INFO [inventory-db] Request processed successfully req_id=44718 latency=45ms
2026-11-29T00:11:56.000Z ERROR [recommendation-engine] ML model OOM error model=collaborative-filtering memory_required=24GB available=6.2GB
2026-11-29T00:13:36.000Z INFO [payment-gateway] Retry successful stripe.internal reconnected after=40s
2026-11-29T00:10:13.000Z WARN [notification-service] Email queue backlog=84392 processing_rate=12/s queue_drain_eta=115min
2026-11-29T00:00:15.000Z INFO [auth-service] Request processed successfully req_id=87397 latency=45ms
2026-11-29T00:02:03.000Z INFO [payment-gateway] Payment authorized amount=$129.99 card_type=visa status=approved
2026-11-29T00:14:37.000Z INFO [order-service] Circuit breaker transitioning OPEN->HALF_OPEN testing_payment_gateway=true
2026-11-29T00:10:13.000Z ERROR [fraud-detector] Cannot validate transaction auth-service=DOWN skipping_fraud_check=true SECURITY_RISK
2026-11-29T00:07:56.000Z ERROR [payment-gateway] Payment failed debugging data: customer phone: +1-555-0123-4567 addr: 123 Main St, Dallas TX 75001
2026-11-29T00:14:00.000Z INFO [payment-gateway] Retry successful stripe.internal reconnected after=56s
2026-11-29T00:14:26.000Z INFO [auth-service] Service healthy replicas=3/3 memory_usage=4.1GB uptime=120s
2026-11-29T00:03:43.000Z INFO [payment-gateway] Payment authorized amount=$129.99 card_type=visa status=approved
2026-11-29T00:09:08.000Z ERROR [order-service] Downstream dependency failure payment-gateway circuit_breaker=OPEN failures=47
2026-11-29T00:17:06.000Z INFO [api-gateway] Health check passed all_services=healthy
2026-11-29T00:06:57.000Z WARN [auth-service] JWT validation cache miss rate=34% redis_conn_timeout=true
2026-11-29T00:16:48.000Z INFO [api-gateway] Health check passed all_services=healthy
2026-11-29T00:14:25.000Z INFO [order-service] Circuit breaker transitioning OPEN->HALF_OPEN testing_payment_gateway=true
2026-11-29T00:06:13.000Z INFO [api-gateway] GET /api/v2/checkout 200 OK duration=1200ms
2026-11-29T00:07:26.000Z WARN [inventory-db] Slow query detected query_time=2.3s table=inventory_items rows_examined=4500000
2026-11-29T00:08:08.000Z ERROR [order-service] Downstream dependency failure payment-gateway circuit_breaker=OPEN failures=47
2026-11-29T00:10:40.000Z FATAL [auth-service] OutOfMemoryError: Java heap space heap_used=7.9GB heap_max=8GB
2026-11-29T00:11:58.000Z ERROR [cdn-edge] Cache eviction storm origin_requests=450000/min origin_capacity=50000/min spillover=true
2026-11-29T00:12:17.000Z ERROR [recommendation-engine] ML model OOM error model=collaborative-filtering memory_required=24GB available=6.2GB
2026-11-29T00:14:13.000Z INFO [order-service] Circuit breaker transitioning OPEN->HALF_OPEN testing_payment_gateway=true
2026-11-29T00:09:25.000Z ERROR [auth-service] Redis connection pool exhausted pool_size=100 waiting=847
2026-11-29T00:02:18.000Z INFO [payment-gateway] Payment authorized amount=$129.99 card_type=visa status=approved
2026-11-29T00:13:34.000Z INFO [order-service] Circuit breaker transitioning OPEN->HALF_OPEN testing_payment_gateway=true
2026-11-29T00:01:07.000Z INFO [api-gateway] GET /api/v2/products 200 OK user_id=5882 duration=67ms
2026-11-29T00:12:28.000Z ERROR [cdn-edge] Cache eviction storm origin_requests=450000/min origin_capacity=50000/min spillover=true
2026-11-29T00:12:12.000Z WARN [api-gateway] Rate limit applied client_ip=192.168.1.207 requests=1500/min limit=1000/min
2026-11-29T00:07:07.000Z WARN [auth-service] JWT validation cache miss rate=34% redis_conn_timeout=true
2026-11-29T00:12:03.000Z WARN [api-gateway] Rate limit applied client_ip=192.168.1.237 requests=1500/min limit=1000/min
2026-11-29T00:03:23.000Z INFO [payment-gateway] Payment authorized amount=$129.99 card_type=visa status=approved
2026-11-29T00:09:13.000Z ERROR [auth-service] Redis connection pool exhausted pool_size=100 waiting=847
2026-11-29T00:06:52.000Z WARN [auth-service] JWT validation cache miss rate=34% redis_conn_timeout=true
2026-11-29T00:14:28.000Z INFO [payment-gateway] Recovery complete processing_rate=15000/min normal_operations=true
2026-11-29T00:01:55.000Z INFO [inventory-db] Request processed successfully req_id=58520 latency=45ms
2026-11-29T00:12:29.000Z ERROR [recommendation-engine] ML model OOM error model=collaborative-filtering memory_required=24GB available=6.2GB
2026-11-29T00:01:57.000Z INFO [api-gateway] GET /api/v2/products 200 OK user_id=5821 duration=67ms
2026-11-29T00:05:50.000Z WARN [payment-gateway] Response time degraded avg_latency=850ms threshold=500ms connection_pool=89%
2026-11-29T00:02:17.000Z INFO [api-gateway] GET /api/v2/products 200 OK user_id=4423 duration=67ms
2026-11-29T00:10:34.000Z FATAL [auth-service] OutOfMemoryError: Java heap space heap_used=7.9GB heap_max=8GB
2026-11-29T00:16:58.000Z INFO [api-gateway] Health check passed all_services=healthy
2026-11-29T00:05:13.000Z INFO [api-gateway] GET /api/v2/checkout 200 OK duration=1200ms
2026-11-29T00:10:43.000Z ERROR [fraud-detector] Cannot validate transaction auth-service=DOWN skipping_fraud_check=true SECURITY_RISK
2026-11-29T00:10:31.000Z WARN [notification-service] Email queue backlog=84392 processing_rate=12/s queue_drain_eta=115min
2026-11-29T00:10:21.000Z ERROR [fraud-detector] Cannot validate transaction auth-service=DOWN skipping_fraud_check=true SECURITY_RISK
2026-11-29T00:12:18.000Z WARN [api-gateway] Rate limit applied client_ip=192.168.1.220 requests=1500/min limit=1000/min
2026-11-29T00:01:25.000Z INFO [notification-service] Request processed successfully req_id=48427 latency=45ms
2026-11-29T00:01:37.000Z INFO [api-gateway] GET /api/v2/products 200 OK user_id=3734 duration=67ms
2026-11-29T00:08:07.000Z ERROR [inventory-db] Deadlock detected transaction_id=TX-3705 table=order_reservations waiting_for=TX-5342
2026-11-29T00:01:43.000Z INFO [payment-gateway] Payment authorized amount=$129.99 card_type=visa status=approved
2026-11-29T00:10:48.000Z FATAL [auth-service] OutOfMemoryError: Java heap space heap_used=7.9GB heap_max=8GB
2026-11-29T00:12:13.000Z ERROR [cdn-edge] Cache eviction storm origin_requests=450000/min origin_capacity=50000/min spillover=true
2026-11-29T00:01:38.000Z INFO [payment-gateway] Payment authorized amount=$129.99 card_type=visa status=approved
2026-11-29T00:06:30.000Z WARN [payment-gateway] Response time degraded avg_latency=850ms threshold=500ms connection_pool=89%
2026-11-29T00:07:54.000Z ERROR [payment-gateway] Connection timeout to payment-processor host=stripe.internal port=8443 timeout=30s attempt=3/3
2026-11-29T00:05:55.000Z WARN [payment-gateway] Response time degraded avg_latency=850ms threshold=500ms connection_pool=89%
2026-11-29T00:05:10.000Z WARN [payment-gateway] Response time degraded avg_latency=850ms threshold=500ms connection_pool=89%
2026-11-29T00:10:25.000Z ERROR [fraud-detector] Cannot validate transaction auth-service=DOWN skipping_fraud_check=true SECURITY_RISK
2026-11-29T00:16:47.000Z INFO [payment-gateway] Transaction volume normalized tps=8500 p99_latency=120ms
2026-11-29T00:14:17.000Z INFO [auth-service] Pod restarted attempt=5 status=CrashLoopBackoff restarts=19
2026-11-29T00:11:49.000Z ERROR [cdn-edge] Cache eviction storm origin_requests=450000/min origin_capacity=50000/min spillover=true
2026-11-29T00:17:00.000Z INFO [api-gateway] Health check passed all_services=healthy
2026-11-29T00:14:41.000Z INFO [auth-service] Pod restarted attempt=3 status=CrashLoopBackoff restarts=27
2026-11-29T00:09:28.000Z ERROR [auth-service] Redis connection pool exhausted pool_size=100 waiting=847
2026-11-29T00:07:46.000Z ERROR [inventory-db] Deadlock detected transaction_id=TX-2832 table=order_reservations waiting_for=TX-6947
2026-11-29T00:10:12.000Z FATAL [auth-service] OutOfMemoryError: Java heap space heap_used=7.9GB heap_max=8GB
2026-11-29T00:07:31.000Z ERROR [inventory-db] Deadlock detected transaction_id=TX-9317 table=order_reservations waiting_for=TX-4258
2026-11-29T00:09:04.000Z ERROR [inventory-db] Deadlock detected transaction_id=TX-4119 table=order_reservations waiting_for=TX-2545
2026-11-29T00:00:03.000Z INFO [payment-gateway] Payment authorized amount=$129.99 card_type=visa status=approved
2026-11-29T00:08:55.000Z ERROR [auth-service] Redis connection pool exhausted pool_size=100 waiting=847
2026-11-29T00:05:22.000Z WARN [auth-service] JWT validation cache miss rate=34% redis_conn_timeout=true
2026-11-29T00:01:40.000Z INFO [cdn-edge] Request processed successfully req_id=20458 latency=45ms
2026-11-29T00:09:11.000Z ERROR [order-service] Downstream dependency failure payment-gateway circuit_breaker=OPEN failures=47
2026-11-29T00:06:25.000Z WARN [payment-gateway] Response time degraded avg_latency=850ms threshold=500ms connection_pool=89%
2026-11-29T00:10:23.000Z ERROR [api-gateway] auth-service unavailable returning 503 to downstream affected_requests=12847
2026-11-29T00:10:25.000Z ERROR [api-gateway] auth-service unavailable returning 503 to downstream affected_requests=12847
2026-11-29T00:09:16.000Z ERROR [inventory-db] Deadlock detected transaction_id=TX-2612 table=order_reservations waiting_for=TX-1993
2026-11-29T00:05:25.000Z WARN [payment-gateway] Response time degraded avg_latency=850ms threshold=500ms connection_pool=89%
2026-11-29T00:06:55.000Z WARN [payment-gateway] Response time degraded avg_latency=850ms threshold=500ms connection_pool=89%
2026-11-29T00:02:38.000Z INFO [payment-gateway] Payment authorized amount=$129.99 card_type=visa status=approved